Loading cached game records...
  2026: 1,008 games

Games total    : 1,008
Already cached : 0

2025-11-04  (4 new games)
  Evansville Purple Aces @ Purdue Boilermakers  (18 players)  [1]
  Texas Longhorns @ Duke Blue Devils  (19 players)  [2]
  Nicholls Colonels @ Kentucky Wildcats  (19 players)  [3]
  Lindenwood Lions @ Texas Tech Red Raiders  (17 players)  [4]

2025-11-05  (1 new games)
  South Dakota Coyotes @ Creighton Bluejays  (20 players)  [5]

2025-11-06  (4 new games)
  North Florida Ospreys @ Florida Gators  (21 players)  [6]
  Jackson State Tigers @ Louisville Cardinals  (20 players)  [7]
  Grambling Tigers @ Iowa State Cyclones  (20 players)  [8]
  Merrimack Warriors @ Auburn Tigers  (21 players)  [9]

2025-11-07  (9 new games)
  Oakland Golden Grizzlies @ Purdue Boilermakers  (16 players)  [10]
  UMass Lowell River Hawks @ UConn Huskies  (19 players)  [11]
  Valparaiso Beacons @ Kentucky Wildcats  (20 players)  [12]
  Sam Houston Bearkats @ Texas Tech Red Raiders  (19 players)  [13]
  Pepperdine Waves @ UCLA Bruins  (19 players)  [14]
  Utah Tech Trailblazers @ Arizona Wildcats  (16 players)  [15]
  Florida Gulf Coast Eagles @ Illinois Fighting Illini  (20 players)  [16]
  Kansas Jayhawks @ North Carolina Tar Heels  (18 players)  [17]
  Northern Illinois Huskies @ Wisconsin Badgers  (22 players)  [18]

2025-11-08  (7 new games)
  Towson Tigers @ Houston Cougars  (18 players)  [19]
  Alabama Crimson Tide @ St. John's Red Storm  (18 players)  [20]
  Western Carolina Catamounts @ Duke Blue Devils  (21 players)  [21]
  Holy Cross Crusaders @ BYU Cougars  (24 players)  [22]
  Arkansas Razorbacks @ Michigan State Spartans  (17 players)  [23]
  Northern Kentucky Norse @ Tennessee Volunteers  (20 players)  [24]
  Oklahoma Sooners @ Gonzaga Bulldogs  (18 players)  [25]

2025-11-09  (34 new games)
  New Hampshire Wildcats @ Harvard Crimson  (15 players)  [26]
  Western Michigan Broncos @ Campbell Fighting Camels  (19 players)  [27]
  North Carolina Central Eagles @ App State Mountaineers  (18 players)  [28]
  Indiana Hoosiers @ Marquette Golden Eagles  (19 players)  [29]
  Coppin State Eagles @ James Madison Dukes  (23 players)  [30]
  Pennsylvania Quakers @ American University Eagles  (17 players)  [31]
  Morehead State Eagles @ Georgia Bulldogs  (20 players)  [32]
  Lipscomb Bisons @ Mercer Bears  (18 players)  [33]
  Le Moyne Dolphins @ Bowling Green Falcons  (14 players)  [34]
  Dominican (IL) Dominican @ Purdue Fort Wayne Mastodons  (24 players)  [35]
  Cal State Northridge Matadors @ North Dakota Fighting Hawks  (17 players)  [36]
  South Dakota State Jackrabbits @ Northern Iowa Panthers  (18 players)  [37]
  Vermont Catamounts @ Brown Bears  (19 players)  [38]
  Marist Red Foxes @ Dartmouth Big Green  (18 players)  [39]
  Texas A&M Aggies @ Oklahoma State Cowboys  (20 players)  [40]
  Cornell Big Red @ Illinois State Redbirds  (20 players)  [41]
  Ozark Christian Ambassadors @ South Dakota Coyotes  (23 players)  [42]
  Lyon Scots @ Louisiana Tech Bulldogs  (25 players)  [43]
  Denver Pioneers @ Montana State Bobcats  (16 players)  [44]
  Lehigh Mountain Hawks @ West Virginia Mountaineers  (20 players)  [45]
  Utah Tech Trailblazers @ Arizona State Sun Devils  (17 players)  [46]
  Oakland City Mighty Oaks @ Evansville Purple Aces  (19 players)  [47]
  VMI Keydets @ Missouri Tigers  (18 players)  [48]
  North Texas Mean Green @ Loyola Chicago Ramblers  (19 players)  [49]
  UC Davis Aggies @ Portland Pilots  (19 players)  [50]
  Idaho State Bengals @ San Diego State Aztecs  (22 players)  [51]
  Grambling Tigers @ Howard Bison  (17 players)  [52]
  Florida Atlantic Owls @ Liberty Flames  (18 players)  [53]
  Manhattan Jaspers @ USC Trojans  (19 players)  [54]
  Omaha Mavericks @ Colorado State Rams  (19 players)  [55]
  Southern Miss Golden Eagles @ South Carolina Gamecocks  (21 players)  [56]
  Kentucky Christian Knights @ UT Martin Skyhawks  (21 players)  [57]
  Washington Huskies @ Baylor Bears  (16 players)  [58]
  East Texas A&M Lions @ Hawai'i Rainbow Warriors  (23 players)  [59]

2025-11-10  (3 new games)
  Columbia Lions @ UConn Huskies  (20 players)  [60]
  West Georgia Wolves @ UCLA Bruins  (17 players)  [61]
  Mississippi State Bulldogs @ Iowa State Cyclones  (20 players)  [62]

2025-11-11  (13 new games)
  Duke Blue Devils @ Army Black Knights  (22 players)  [63]
  Northern Arizona Lumberjacks @ Arizona Wildcats  (20 players)  [64]
  Wake Forest Demon Deacons @ Michigan Wolverines  (18 players)  [65]
  Delaware Blue Hens @ BYU Cougars  (16 players)  [66]
  Kentucky Wildcats @ Louisville Cardinals  (19 players)  [67]
  Florida State Seminoles @ Florida Gators  (17 players)  [68]
  Texas Tech Red Raiders @ Illinois Fighting Illini  (15 players)  [69]
  Radford Highlanders @ North Carolina Tar Heels  (20 players)  [70]
  Creighton Bluejays @ Gonzaga Bulldogs  (21 players)  [71]
  Central Arkansas Bears @ Arkansas Razorbacks  (18 players)  [72]
  Wofford Terriers @ Auburn Tigers  (21 players)  [73]
  Ball State Cardinals @ Wisconsin Badgers  (19 players)  [74]
  Texas A&M-Corpus Christi Islanders @ Kansas Jayhawks  (22 players)  [75]

2025-11-12  (2 new games)
  Oakland Golden Grizzlies @ Houston Cougars  (20 players)  [76]
  North Florida Ospreys @ Tennessee Volunteers  (21 players)  [77]

2025-11-13  (2 new games)
  Purdue Boilermakers @ Alabama Crimson Tide  (18 players)  [78]
  San José State Spartans @ Michigan State Spartans  (17 players)  [79]

2025-11-14  (10 new games)
  Indiana State Sycamores @ Duke Blue Devils  (20 players)  [80]
  Arizona Wildcats @ UCLA Bruins  (17 players)  [81]
  Michigan Wolverines @ TCU Horned Frogs  (18 players)  [82]
  Eastern Illinois Panthers @ Kentucky Wildcats  (18 players)  [83]
  Milwaukee Panthers @ Texas Tech Red Raiders  (18 players)  [84]
  Colgate Raiders @ Illinois Fighting Illini  (17 players)  [85]
  North Carolina Central Eagles @ North Carolina Tar Heels  (21 players)  [86]
  Gonzaga Bulldogs @ Arizona State Sun Devils  (18 players)  [87]
  Samford Bulldogs @ Arkansas Razorbacks  (18 players)  [88]
  Maryland Eastern Shore Hawks @ Creighton Bluejays  (24 players)  [89]

2025-11-15  (4 new games)
  BYU Cougars @ UConn Huskies  (17 players)  [90]
  Ohio Bobcats @ Louisville Cardinals  (19 players)  [91]
  William & Mary Tribe @ St. John's Red Storm  (22 players)  [92]
  Princeton Tigers @ Kansas Jayhawks  (18 players)  [93]

2025-11-16  (3 new games)
  Houston Cougars @ Auburn Tigers  (16 players)  [94]
  Akron Zips @ Purdue Boilermakers  (19 players)  [95]
  Miami Hurricanes @ Florida Gators  (17 players)  [96]

2025-11-17  (5 new games)
  Southern Utah Thunderbirds @ Gonzaga Bulldogs  (25 players)  [97]
  Stonehill Skyhawks @ Iowa State Cyclones  (20 players)  [98]
  Rice Owls @ Tennessee Volunteers  (19 players)  [99]
  SIU Edwardsville Cougars @ Wisconsin Badgers  (20 players)  [100]
  VCU Rams @ NC State Wolfpack  (17 players)  [101]

2025-11-18  (5 new games)
  Kansas Jayhawks @ Duke Blue Devils  (16 players)  [102]
  Michigan State Spartans @ Kentucky Wildcats  (20 players)  [103]
  Navy Midshipmen @ North Carolina Tar Heels  (17 players)  [104]
  Sacramento State Hornets @ UCLA Bruins  (20 players)  [105]
  Winthrop Eagles @ Arkansas Razorbacks  (19 players)  [106]

2025-11-19  (4 new games)
  Arizona Wildcats @ UConn Huskies  (16 players)  [107]
  Middle Tennessee Blue Raiders @ Michigan Wolverines  (20 players)  [108]
  Alabama Crimson Tide @ Illinois Fighting Illini  (18 players)  [109]
  Jackson State Tigers @ Auburn Tigers  (19 players)  [110]

2025-11-20  (5 new games)
  Memphis Tigers @ Purdue Boilermakers  (20 players)  [111]
  Rider Broncs @ Houston Cougars  (21 players)  [112]
  Bucknell Bison @ St. John's Red Storm  (22 players)  [113]
  Wake Forest Demon Deacons @ Texas Tech Red Raiders  (16 players)  [114]
  Tennessee State Tigers @ Tennessee Volunteers  (20 players)  [115]

2025-11-21  (9 new games)
  Texas Tech Red Raiders @ Purdue Boilermakers  (18 players)  [116]
  Niagara Purple Eagles @ Duke Blue Devils  (23 players)  [117]
  Louisville Cardinals @ Cincinnati Bearcats  (19 players)  [118]
  Wisconsin Badgers @ BYU Cougars  (17 players)  [119]
  Merrimack Warriors @ Florida Gators  (20 players)  [120]
  Loyola Maryland Greyhounds @ Kentucky Wildcats  (20 players)  [121]
  Detroit Mercy Titans @ Michigan State Spartans  (22 players)  [122]
  Presbyterian Blue Hose @ UCLA Bruins  (18 players)  [123]
  Jackson State Tigers @ Arkansas Razorbacks  (21 players)  [124]

2025-11-22  (1 new games)
  Long Island University Sharks @ Illinois Fighting Illini  (20 players)  [125]

2025-11-23  (2 new games)
  Bryant Bulldogs @ UConn Huskies  (18 players)  [126]
  Howard Bison @ Duke Blue Devils  (21 players)  [127]

2025-11-24  (10 new games)
  Denver Pioneers @ Arizona Wildcats  (20 players)  [128]
  Syracuse Orange @ Houston Cougars  (17 players)  [129]
  Eastern Michigan Eagles @ Louisville Cardinals  (22 players)  [130]
  San Diego State Aztecs @ Michigan Wolverines  (21 players)  [131]
  Gonzaga Bulldogs @ Alabama Crimson Tide  (17 players)  [132]
  UT Rio Grande Valley Vaqueros @ Illinois Fighting Illini  (20 players)  [133]
  Iowa State Cyclones @ St. John's Red Storm  (17 players)  [134]
  Rutgers Scarlet Knights @ Tennessee Volunteers  (24 players)  [135]
  Auburn Tigers @ Oregon Ducks  (17 players)  [136]
  Seton Hall Pirates @ NC State Wolfpack  (19 players)  [137]

2025-11-25  (11 new games)
  Tennessee Volunteers @ Houston Cougars  (18 players)  [138]
  Auburn Tigers @ Michigan Wolverines  (20 players)  [139]
  UNLV Rebels @ Alabama Crimson Tide  (18 players)  [140]
  Michigan State Spartans @ East Carolina Pirates  (18 players)  [141]
  Maryland Terrapins @ Gonzaga Bulldogs  (21 players)  [142]
  St. John's Red Storm @ Baylor Bears  (16 players)  [143]
  Creighton Bluejays @ Iowa State Cyclones  (19 players)  [144]
  St. Bonaventure Bonnies @ North Carolina Tar Heels  (18 players)  [145]
  UCLA Bruins @ California Golden Bears  (17 players)  [146]
  NC State Wolfpack @ Boise State Broncos  (17 players)  [147]
  Kansas State Wildcats @ Indiana Hoosiers  (18 players)  [148]

2025-11-26  (11 new games)
  Notre Dame Fighting Irish @ Houston Cougars  (20 players)  [149]
  NJIT Highlanders @ Louisville Cardinals  (22 players)  [150]
  Gonzaga Bulldogs @ Michigan Wolverines  (23 players)  [151]
  Maryland Terrapins @ Alabama Crimson Tide  (18 players)  [152]
  St. John's Red Storm @ Auburn Tigers  (16 players)  [153]
  Syracuse Orange @ Iowa State Cyclones  (19 players)  [154]
  Kansas Jayhawks @ Tennessee Volunteers  (16 players)  [155]
  Tennessee Tech Golden Eagles @ Kentucky Wildcats  (21 players)  [156]
  New Orleans Privateers @ Texas Tech Red Raiders  (19 players)  [157]
  NC State Wolfpack @ Texas Longhorns  (16 players)  [158]
  Vanderbilt Commodores @ Western Kentucky Hilltoppers  (20 players)  [159]

2025-11-27  (5 new games)
  Duke Blue Devils @ Arkansas Razorbacks  (16 players)  [160]
  BYU Cougars @ Miami Hurricanes  (17 players)  [161]
  TCU Horned Frogs @ Florida Gators  (18 players)  [162]
  Michigan State Spartans @ North Carolina Tar Heels  (16 players)  [163]
  VCU Rams @ Vanderbilt Commodores  (19 players)  [164]

2025-11-28  (5 new games)
  Eastern Illinois Panthers @ Purdue Boilermakers  (20 players)  [165]
  Illinois Fighting Illini @ UConn Huskies  (19 players)  [166]
  BYU Cougars @ Dayton Flyers  (16 players)  [167]
  Providence Friars @ Florida Gators  (17 players)  [168]
  Saint Mary's Gaels @ Vanderbilt Commodores  (18 players)  [169]

2025-11-29  (2 new games)
  Norfolk State Spartans @ Arizona Wildcats  (21 players)  [170]
  Bethune-Cookman Wildcats @ Indiana Hoosiers  (18 players)  [171]

2025-11-30  (1 new games)
  Wyoming Cowboys @ Texas Tech Red Raiders  (18 players)  [172]

2025-12-01  (18 new games)
  St. Xavier  (IL) Cougars @ Chicago State Cougars  (22 players)  [173]
  Louisiana Christian Wildcats @ Southern Jaguars  (20 players)  [174]
  Temple Owls @ Villanova Wildcats  (19 players)  [175]
  Central State (OH) Marauders @ Toledo Rockets  (25 players)  [176]
  Apprentice School Builders @ Hampton Pirates  (22 players)  [177]
  West Georgia Wolves @ Troy Trojans  (17 players)  [178]
  Iona Gaels @ Delaware Blue Hens  (18 players)  [179]
  North Alabama Lions @ Jacksonville State Gamecocks  (18 players)  [180]
  Tarleton State Texans @ Cincinnati Bearcats  (14 players)  [181]
  Saint Francis Red Flash @ Xavier Musketeers  (19 players)  [182]
  UAB Blazers @ Middle Tennessee Blue Raiders  (17 players)  [183]
  McNeese Cowboys @ Incarnate Word Cardinals  (18 players)  [184]
  Coe Kohawks @ Northern Iowa Panthers  (22 players)  [185]
  Bowling Green Falcons @ Kansas State Wildcats  (16 players)  [186]
  West Coast Baptist Eagles @ Southern Utah Thunderbirds  (22 players)  [187]
  New Mexico Highlands Cowboys @ New Mexico Lobos  (21 players)  [188]
  California Baptist Lancers @ Colorado Buffaloes  (16 players)  [189]
  Portland Pilots @ Stanford Cardinal  (18 players)  [190]

2025-12-02  (7 new games)
  Purdue Boilermakers @ Rutgers Scarlet Knights  (20 players)  [191]
  Florida Gators @ Duke Blue Devils  (16 players)  [192]
  UConn Huskies @ Kansas Jayhawks  (17 players)  [193]
  Iowa Hawkeyes @ Michigan State Spartans  (19 players)  [194]
  Tennessee Volunteers @ Syracuse Orange  (17 players)  [195]
  North Carolina Tar Heels @ Kentucky Wildcats  (16 players)  [196]
  USC Trojans @ Oregon Ducks  (17 players)  [197]

2025-12-03  (7 new games)
  Louisville Cardinals @ Arkansas Razorbacks  (18 players)  [198]
  California Baptist Lancers @ BYU Cougars  (20 players)  [199]
  Alcorn State Braves @ Iowa State Cyclones  (20 players)  [200]
  Clemson Tigers @ Alabama Crimson Tide  (18 players)  [201]
  SMU Mustangs @ Vanderbilt Commodores  (17 players)  [202]
  NC State Wolfpack @ Auburn Tigers  (17 players)  [203]
  Indiana Hoosiers @ Minnesota Golden Gophers  (16 players)  [204]

2025-12-04  (11 new games)
  Manor College Blue Jays @ Fairleigh Dickinson Knights  (18 players)  [205]
  The Citadel Bulldogs @ Davidson Wildcats  (21 players)  [206]
  Utah State Aggies @ South Florida Bulls  (18 players)  [207]
  Rider Broncs @ Merrimack Warriors  (16 players)  [208]
  Warren Wilson Owls @ Charleston Southern Buccaneers  (25 players)  [209]
  Robert Morris Colonials @ Green Bay Phoenix  (17 players)  [210]
  Long Beach State Beach @ UC Santa Barbara Gauchos  (19 players)  [211]
  Cal State Bakersfield Roadrunners @ Cal State Northridge Matadors  (19 players)  [212]
  Cal Poly Mustangs @ Cal State Fullerton Titans  (19 players)  [213]
  UC Riverside Highlanders @ UC Irvine Anteaters  (17 players)  [214]
  UC Davis Aggies @ Hawai'i Rainbow Warriors  (17 players)  [215]

2025-12-05  (2 new games)
  East Texas A&M Lions @ UConn Huskies  (20 players)  [216]
  Gonzaga Bulldogs @ Kentucky Wildcats  (19 players)  [217]

2025-12-06  (10 new games)
  Iowa State Cyclones @ Purdue Boilermakers  (18 players)  [218]
  Auburn Tigers @ Arizona Wildcats  (16 players)  [219]
  Rutgers Scarlet Knights @ Michigan Wolverines  (25 players)  [220]
  Duke Blue Devils @ Michigan State Spartans  (18 players)  [221]
  Indiana Hoosiers @ Louisville Cardinals  (17 players)  [222]
  Florida State Seminoles @ Houston Cougars  (17 players)  [223]
  Illinois Fighting Illini @ Tennessee Volunteers  (19 players)  [224]
  Ole Miss Rebels @ St. John's Red Storm  (22 players)  [225]
  Washington Huskies @ USC Trojans  (16 players)  [226]
  Fresno State Bulldogs @ Arkansas Razorbacks  (20 players)  [227]

2025-12-07  (5 new games)
  North Florida Ospreys @ Gonzaga Bulldogs  (19 players)  [228]
  UTSA Roadrunners @ Alabama Crimson Tide  (20 players)  [229]
  Georgetown Hoyas @ North Carolina Tar Heels  (16 players)  [230]
  LSU Tigers @ Texas Tech Red Raiders  (18 players)  [231]
  Missouri Tigers @ Kansas Jayhawks  (17 players)  [232]

2025-12-08  (7 new games)
  Southern Wesleyan Warriors @ Kennesaw State Owls  (22 players)  [233]
  Lafayette Leopards @ Pennsylvania Quakers  (17 players)  [234]
  South Carolina State Bulldogs @ Charleston Southern Buccaneers  (23 players)  [235]
  Grambling Tigers @ Southern Miss Golden Eagles  (17 players)  [236]
  Southern Jaguars @ Texas Longhorns  (22 players)  [237]
  Mississippi Valley State Delta Devils @ Kansas State Wildcats  (20 players)  [238]
  Incarnate Word Cardinals @ New Orleans Privateers  (19 players)  [239]

2025-12-09  (5 new games)
  Villanova Wildcats @ Michigan Wolverines  (21 players)  [240]
  Florida Gators @ UConn Huskies  (17 players)  [241]
  Clemson Tigers @ BYU Cougars  (17 players)  [242]
  Illinois Fighting Illini @ Ohio State Buckeyes  (15 players)  [243]
  Maryland Eastern Shore Hawks @ Virginia Cavaliers  (20 players)  [244]

2025-12-10  (3 new games)
  Minnesota Golden Gophers @ Purdue Boilermakers  (17 players)  [245]
  Jackson State Tigers @ Houston Cougars  (22 players)  [246]
  Wisconsin Badgers @ Nebraska Cornhuskers  (19 players)  [247]

2025-12-11  (1 new games)
  Iowa Hawkeyes @ Iowa State Cyclones  (16 players)  [248]

2025-12-12  (1 new games)
  Texas Longhorns @ UConn Huskies  (17 players)  [249]

2025-12-13  (16 new games)
  Arizona Wildcats @ Alabama Crimson Tide  (18 players)  [250]
  Michigan Wolverines @ Maryland Terrapins  (17 players)  [251]
  Marquette Golden Eagles @ Purdue Boilermakers  (20 players)  [252]
  New Orleans Privateers @ Houston Cougars  (22 players)  [253]
  UCLA Bruins @ Gonzaga Bulldogs  (18 players)  [254]
  Michigan State Spartans @ Penn State Nittany Lions  (20 players)  [255]
  UC Riverside Highlanders @ BYU Cougars  (20 players)  [256]
  Memphis Tigers @ Louisville Cardinals  (20 players)  [257]
  Nebraska Cornhuskers @ Illinois Fighting Illini  (16 players)  [258]
  South Carolina Upstate Spartans @ North Carolina Tar Heels  (17 players)  [259]
  Central Arkansas Bears @ Vanderbilt Commodores  (17 players)  [260]
  Texas Tech Red Raiders @ Arkansas Razorbacks  (14 players)  [261]
  George Washington Revolutionaries @ Florida Gators  (17 players)  [262]
  Kansas Jayhawks @ NC State Wolfpack  (17 players)  [263]
  Chattanooga Mocs @ Auburn Tigers  (18 players)  [264]
  Iona Gaels @ St. John's Red Storm  (21 players)  [265]

2025-12-14  (1 new games)
  Eastern Illinois Panthers @ Iowa State Cyclones  (18 players)  [266]

2025-12-15  (13 new games)
  Bryan (TN) Lions @ Samford Bulldogs  (26 players)  [267]
  Albany St (GA) Golden Rams @ Florida A&M Rattlers  (21 players)  [268]
  Ecclesia Royals @ Arkansas-Pine Bluff Golden Lions  (19 players)  [269]
  Wofford Terriers @ Gardner-Webb Runnin' Bulldogs  (18 players)  [270]
  Rhodes Lynx @ Stetson Hatters  (22 players)  [271]
  Niagara Purple Eagles @ VCU Rams  (18 players)  [272]
  East Texas A&M Lions @ SE Louisiana Lions  (18 players)  [273]
  Campbellsville Tigers @ Western Kentucky Hilltoppers  (22 players)  [274]
  Minnesota Crookston Golden Eagles @ North Dakota State Bison  (22 players)  [275]
  Wyoming Cowboys @ South Dakota State Jackrabbits  (20 players)  [276]
  North Alabama Lions @ Alabama A&M Bulldogs  (16 players)  [277]
  McNeese Cowboys @ Houston Christian Huskies  (18 players)  [278]
  Incarnate Word Cardinals @ TCU Horned Frogs  (15 players)  [279]

2025-12-16  (11 new games)
  Abilene Christian Wildcats @ Arizona Wildcats  (21 players)  [280]
  Lipscomb Bisons @ Duke Blue Devils  (18 players)  [281]
  Butler Bulldogs @ UConn Huskies  (18 players)  [282]
  Toledo Rockets @ Michigan State Spartans  (21 players)  [283]
  Pacific Tigers @ BYU Cougars  (17 players)  [284]
  Louisville Cardinals @ Tennessee Volunteers  (20 players)  [285]
  East Tennessee State Buccaneers @ North Carolina Tar Heels  (18 players)  [286]
  Queens University Royals @ Arkansas Razorbacks  (18 players)  [287]
  Towson Tigers @ Kansas Jayhawks  (19 players)  [288]
  Northern Colorado Bears @ Texas Tech Red Raiders  (15 players)  [289]
  DePaul Blue Demons @ St. John's Red Storm  (18 players)  [290]

2025-12-17  (4 new games)
  Campbell Fighting Camels @ Gonzaga Bulldogs  (16 players)  [291]
  Vanderbilt Commodores @ Memphis Tigers  (16 players)  [292]
  South Florida Bulls @ Alabama Crimson Tide  (19 players)  [293]
  Saint Francis Red Flash @ Florida Gators  (18 players)  [294]

2025-12-18  (1 new games)
  Western Carolina Catamounts @ Georgia Bulldogs  (22 players)  [295]

2025-12-19  (1 new games)
  Abilene Christian Wildcats @ BYU Cougars  (19 players)  [296]

2025-12-20  (9 new games)
  San Diego State Aztecs @ Arizona Wildcats  (18 players)  [297]
  Texas Tech Red Raiders @ Duke Blue Devils  (16 players)  [298]
  Auburn Tigers @ Purdue Boilermakers  (17 players)  [299]
  Houston Cougars @ Arkansas Razorbacks  (17 players)  [300]
  Oakland Golden Grizzlies @ Michigan State Spartans  (17 players)  [301]
  Montana Grizzlies @ Louisville Cardinals  (19 players)  [302]
  North Carolina Tar Heels @ Ohio State Buckeyes  (17 players)  [303]
  St. John's Red Storm @ Kentucky Wildcats  (20 players)  [304]
  Maryland Terrapins @ Virginia Cavaliers  (18 players)  [305]

2025-12-21  (9 new games)
  La Salle Explorers @ Michigan Wolverines  (23 players)  [306]
  Long Beach State Beach @ Iowa State Cyclones  (18 players)  [307]
  UConn Huskies @ DePaul Blue Demons  (17 players)  [308]
  Gonzaga Bulldogs @ Oregon Ducks  (18 players)  [309]
  Vanderbilt Commodores @ Wake Forest Demon Deacons  (20 players)  [310]
  North Dakota Fighting Hawks @ Nebraska Cornhuskers  (17 players)  [311]
  Kennesaw State Owls @ Alabama Crimson Tide  (18 players)  [312]
  Gardner-Webb Runnin' Bulldogs @ Tennessee Volunteers  (22 players)  [313]
  Colgate Raiders @ Florida Gators  (20 players)  [314]

2025-12-22  (7 new games)
  Bethune-Cookman Wildcats @ Arizona Wildcats  (17 players)  [315]
  Eastern Washington Eagles @ BYU Cougars  (19 players)  [316]
  East Carolina Pirates @ North Carolina Tar Heels  (20 players)  [317]
  Davidson Wildcats @ Kansas Jayhawks  (21 players)  [318]
  Missouri Tigers @ Illinois Fighting Illini  (19 players)  [319]
  American University Eagles @ Virginia Cavaliers  (19 players)  [320]
  West Georgia Wolves @ Georgia Bulldogs  (19 players)  [321]

2025-12-23  (12 new games)
  Green Bay Phoenix @ Campbell Fighting Camels  (19 players)  [322]
  Binghamton Bearcats @ Army Black Knights  (15 players)  [323]
  Bellarmine Knights @ Kentucky Wildcats  (20 players)  [324]
  Grambling Tigers @ Ohio State Buckeyes  (18 players)  [325]
  Florida Atlantic Owls @ UCF Knights  (19 players)  [326]
  Lindenwood Lions @ Missouri State Bears  (17 players)  [327]
  UC Riverside Highlanders @ UCLA Bruins  (20 players)  [328]
  Idaho Vandals @ Cal State Bakersfield Roadrunners  (16 players)  [329]
  Morgan State Bears @ Loyola Marymount Lions  (20 players)  [330]
  Harvard Crimson @ St. John's Red Storm  (21 players)  [331]
  WVU Tech Golden Bears @ Marshall Thundering Herd  (21 players)  [332]
  Villanova Wildcats @ Seton Hall Pirates  (16 players)  [333]

2025-12-27  (3 new games)
  Columbia College (SC) Fighting Koalas @ UNC Wilmington Seahawks  (22 players)  [334]
  Cleary University Cougars @ Duquesne Dukes  (24 players)  [335]
Traceback (most recent call last):
  File "/home/deep/chalkiq/scripts/fetch_boxscores.py", line 260, in <module>
    main()
    ~~~~^^
  File "/home/deep/chalkiq/scripts/fetch_boxscores.py", line 226, in main
    time.sleep(args.delay)
    ~~~~~~~~~~^^^^^^^^^^^^
KeyboardInterrupt
Loading cached game records...
  2026: 1,008 games

Games total    : 1,008
Already cached : 335

2025-12-27  (1 new games)
  Cal State Northridge Matadors @ Stanford Cardinal  (17 players)  [1]

2025-12-28  (2 new games)
  Gonzaga Bulldogs @ Pepperdine Waves  (20 players)  [2]
  Winthrop Eagles @ Texas Tech Red Raiders  (17 players)  [3]

2025-12-29  (13 new games)
  South Dakota State Jackrabbits @ Arizona Wildcats  (18 players)  [4]
  McNeese Cowboys @ Michigan Wolverines  (22 players)  [5]
  Houston Christian Huskies @ Iowa State Cyclones  (18 players)  [6]
  Kent State Golden Flashes @ Purdue Boilermakers  (20 players)  [7]
  Middle Tennessee Blue Raiders @ Houston Cougars  (18 players)  [8]
  Cornell Big Red @ Michigan State Spartans  (25 players)  [9]
  New Haven Chargers @ Vanderbilt Commodores  (18 players)  [10]
  Yale Bulldogs @ Alabama Crimson Tide  (17 players)  [11]
  James Madison Dukes @ Arkansas Razorbacks  (18 players)  [12]
  Southern Jaguars @ Illinois Fighting Illini  (22 players)  [13]
  Dartmouth Big Green @ Florida Gators  (20 players)  [14]
  Long Island University Sharks @ Georgia Bulldogs  (18 players)  [15]
  UMass Lowell River Hawks @ Iowa Hawkeyes  (18 players)  [16]

2025-12-30  (5 new games)
  Gonzaga Bulldogs @ San Diego Toreros  (19 players)  [17]
  Florida State Seminoles @ North Carolina Tar Heels  (17 players)  [18]
  New Hampshire Wildcats @ Nebraska Cornhuskers  (19 players)  [19]
  Louisville Cardinals @ California Golden Bears  (16 players)  [20]
  South Carolina State Bulldogs @ Tennessee Volunteers  (22 players)  [21]

2025-12-31  (3 new games)
  UConn Huskies @ Xavier Musketeers  (17 players)  [22]
  Georgia Tech Yellow Jackets @ Duke Blue Devils  (17 players)  [23]
  Virginia Cavaliers @ Virginia Tech Hokies  (17 players)  [24]

2026-01-01  (39 new games)
  Elms College Blazers @ Dartmouth Big Green  (24 players)  [25]
  Oakland Golden Grizzlies @ Youngstown State Penguins  (18 players)  [26]
  Samford Bulldogs @ VMI Keydets  (17 players)  [27]
  Georgia Southern Eagles @ Coastal Carolina Chanticleers  (17 players)  [28]
  Stetson Hatters @ North Alabama Lions  (18 players)  [29]
  Oral Roberts Golden Eagles @ North Dakota Fighting Hawks  (18 players)  [30]
  IU Indianapolis Jaguars @ Northern Kentucky Norse  (17 players)  [31]
  Milwaukee Panthers @ Wright State Raiders  (18 players)  [32]
  Green Bay Phoenix @ Purdue Fort Wayne Mastodons  (17 players)  [33]
  Jacksonville Dolphins @ Lipscomb Bisons  (19 players)  [34]
  Florida Gulf Coast Eagles @ Central Arkansas Bears  (16 players)  [35]
  Valparaiso Beacons @ Southern Illinois Salukis  (20 players)  [36]
  Evansville Purple Aces @ Illinois State Redbirds  (19 players)  [37]
  California Baptist Lancers @ UT Arlington Mavericks  (20 players)  [38]
  Chattanooga Mocs @ UNC Greensboro Spartans  (19 players)  [39]
  Portland State Vikings @ Weber State Wildcats  (18 players)  [40]
  Western Illinois Leathernecks @ UT Martin Skyhawks  (19 players)  [41]
  Southern Indiana Screaming Eagles @ SIU Edwardsville Cougars  (19 players)  [42]
  Morehead State Eagles @ Lindenwood Lions  (16 players)  [43]
  Cal State Northridge Matadors @ UC Davis Aggies  (19 players)  [44]
  UC Irvine Anteaters @ Cal State Bakersfield Roadrunners  (16 players)  [45]
Traceback (most recent call last):
  File "/home/deep/chalkiq/scripts/fetch_boxscores.py", line 260, in <module>
    main()
    ~~~~^^
  File "/home/deep/chalkiq/scripts/fetch_boxscores.py", line 227, in main
    players = _summary(args.division, event_id)
  File "/home/deep/chalkiq/scripts/fetch_boxscores.py", line 110, in _summary
    resp = requests.get(url, params={"event": event_id}, timeout=15)
  File "/home/deep/chalkiq/.venv/lib/python3.14/site-packages/requests/api.py", line 73, in get
    return request("get", url, params=params, **kwargs)
  File "/home/deep/chalkiq/.venv/lib/python3.14/site-packages/requests/api.py", line 59, in request
    return session.request(method=method, url=url, **kwargs)
           ~~~~~~~~~~~~~~~^^^^^^^^^^^^^^^^^^^^^^^^^^^^^^^^^^
  File "/home/deep/chalkiq/.venv/lib/python3.14/site-packages/requests/sessions.py", line 589, in request
    resp = self.send(prep, **send_kwargs)
  File "/home/deep/chalkiq/.venv/lib/python3.14/site-packages/requests/sessions.py", line 703, in send
    r = adapter.send(request, **kwargs)
  File "/home/deep/chalkiq/.venv/lib/python3.14/site-packages/requests/adapters.py", line 644, in send
    resp = conn.urlopen(
        method=request.method,
    ...<9 lines>...
        chunked=chunked,
    )
  File "/home/deep/chalkiq/.venv/lib/python3.14/site-packages/urllib3/connectionpool.py", line 787, in urlopen
    response = self._make_request(
        conn,
    ...<10 lines>...
        **response_kw,
    )
  File "/home/deep/chalkiq/.venv/lib/python3.14/site-packages/urllib3/connectionpool.py", line 534, in _make_request
    response = conn.getresponse()
  File "/home/deep/chalkiq/.venv/lib/python3.14/site-packages/urllib3/connection.py", line 571, in getresponse
    httplib_response = super().getresponse()
  File "/usr/lib/python3.14/http/client.py", line 1450, in getresponse
    response.begin()
    ~~~~~~~~~~~~~~^^
  File "/usr/lib/python3.14/http/client.py", line 336, in begin
    version, status, reason = self._read_status()
                              ~~~~~~~~~~~~~~~~~^^
  File "/usr/lib/python3.14/http/client.py", line 297, in _read_status
    line = str(self.fp.readline(_MAXLINE + 1), "iso-8859-1")
               ~~~~~~~~~~~~~~~~^^^^^^^^^^^^^^
  File "/usr/lib/python3.14/socket.py", line 725, in readinto
    return self._sock.recv_into(b)
           ~~~~~~~~~~~~~~~~~~~~^^^
  File "/usr/lib/python3.14/ssl.py", line 1304, in recv_into
    return self.read(nbytes, buffer)
           ~~~~~~~~~^^^^^^^^^^^^^^^^
  File "/usr/lib/python3.14/ssl.py", line 1138, in read
    return self._sslobj.read(len, buffer)
           ~~~~~~~~~~~~~~~~~^^^^^^^^^^^^^
KeyboardInterrupt
Loading cached game records...
  2026: 1,008 games

Games total    : 1,008
Already cached : 380

2026-01-01  (18 new games)
  Southern Miss Golden Eagles @ UL Monroe Warhawks  (17 players)  [1]
  Omaha Mavericks @ South Dakota State Jackrabbits  (15 players)  [2]
  Northern Arizona Lumberjacks @ Montana Grizzlies  (18 players)  [3]
  Tennessee Tech Golden Eagles @ Little Rock Trojans  (20 players)  [4]
  Bradley Braves @ Belmont Bruins  (18 players)  [5]
  Eastern Kentucky Colonels @ Queens University Royals  (19 players)  [6]
  Bellarmine Knights @ West Georgia Wolves  (18 players)  [7]
  Indiana State Sycamores @ Northern Iowa Panthers  (17 players)  [8]
  Hawai'i Rainbow Warriors @ UC Riverside Highlanders  (19 players)  [9]
  North Florida Ospreys @ Austin Peay Governors  (18 players)  [10]
  Utah Valley Wolverines @ Tarleton State Texans  (16 players)  [11]
  Utah Tech Trailblazers @ Abilene Christian Wildcats  (18 players)  [12]
  Eastern Illinois Panthers @ Southeast Missouri State Redhawks  (18 players)  [13]
  Murray State Racers @ UIC Flames  (18 players)  [14]
  Northern Colorado Bears @ Montana State Bobcats  (16 players)  [15]
  Sacramento State Hornets @ Idaho State Bengals  (19 players)  [16]
  UC Santa Barbara Gauchos @ Cal State Fullerton Titans  (16 players)  [17]
  UC San Diego Tritons @ Cal Poly Mustangs  (17 players)  [18]

2026-01-02  (5 new games)
  USC Trojans @ Michigan Wolverines  (19 players)  [19]
  West Virginia Mountaineers @ Iowa State Cyclones  (16 players)  [20]
  Seattle U Redhawks @ Gonzaga Bulldogs  (20 players)  [21]
  Michigan State Spartans @ Nebraska Cornhuskers  (17 players)  [22]
  Louisville Cardinals @ Stanford Cardinal  (16 players)  [23]

2026-01-03  (16 new games)
  Arizona Wildcats @ Utah Utes  (18 players)  [24]
  Purdue Boilermakers @ Wisconsin Badgers  (20 players)  [25]
  Duke Blue Devils @ Florida State Seminoles  (17 players)  [26]
  Houston Cougars @ Cincinnati Bearcats  (18 players)  [27]
  BYU Cougars @ Kansas State Wildcats  (15 players)  [28]
  Vanderbilt Commodores @ South Carolina Gamecocks  (17 players)  [29]
  North Carolina Tar Heels @ SMU Mustangs  (16 players)  [30]
  Kentucky Wildcats @ Alabama Crimson Tide  (19 players)  [31]
  Oklahoma State Cowboys @ Texas Tech Red Raiders  (16 players)  [32]
  Kansas Jayhawks @ UCF Knights  (18 players)  [33]
  Tennessee Volunteers @ Arkansas Razorbacks  (18 players)  [34]
  Illinois Fighting Illini @ Penn State Nittany Lions  (18 players)  [35]
  Virginia Cavaliers @ NC State Wolfpack  (17 players)  [36]
  Florida Gators @ Missouri Tigers  (19 players)  [37]
  Auburn Tigers @ Georgia Bulldogs  (19 players)  [38]
  UCLA Bruins @ Iowa Hawkeyes  (16 players)  [39]

2026-01-04  (2 new games)
  Marquette Golden Eagles @ UConn Huskies  (18 players)  [40]
  Loyola Marymount Lions @ Gonzaga Bulldogs  (22 players)  [41]

2026-01-05  (2 new games)
  Nebraska Cornhuskers @ Ohio State Buckeyes  (14 players)  [42]
  USC Trojans @ Michigan State Spartans  (21 players)  [43]

2026-01-06  (8 new games)
  Michigan Wolverines @ Penn State Nittany Lions  (18 players)  [44]
  Duke Blue Devils @ Louisville Cardinals  (18 players)  [45]
  Texas Tech Red Raiders @ Houston Cougars  (14 players)  [46]
  Georgia Bulldogs @ Florida Gators  (19 players)  [47]
  Iowa Hawkeyes @ Minnesota Golden Gophers  (16 players)  [48]
  Texas Longhorns @ Tennessee Volunteers  (19 players)  [49]
  TCU Horned Frogs @ Kansas Jayhawks  (17 players)  [50]
  UCF Knights @ Oklahoma State Cowboys  (18 players)  [51]

2026-01-07  (9 new games)
  Kansas State Wildcats @ Arizona Wildcats  (20 players)  [52]
  Iowa State Cyclones @ Baylor Bears  (17 players)  [53]
  UConn Huskies @ Providence Friars  (16 players)  [54]
  Washington Huskies @ Purdue Boilermakers  (18 players)  [55]
  Arizona State Sun Devils @ BYU Cougars  (18 players)  [56]
  Alabama Crimson Tide @ Vanderbilt Commodores  (17 players)  [57]
  Arkansas Razorbacks @ Ole Miss Rebels  (20 players)  [58]
  California Golden Bears @ Virginia Cavaliers  (19 players)  [59]
  SMU Mustangs @ Clemson Tigers  (18 players)  [60]

2026-01-08  (3 new games)
  Santa Clara Broncos @ Gonzaga Bulldogs  (18 players)  [61]
  Northwestern Wildcats @ Michigan State Spartans  (18 players)  [62]
  Rutgers Scarlet Knights @ Illinois Fighting Illini  (18 players)  [63]

2026-01-09  (15 new games)
  Bryant & Stratton (Ohio) Bobcats @ Youngstown State Penguins  (19 players)  [64]
  Miami (OH) RedHawks @ Toledo Rockets  (17 players)  [65]
  Rider Broncs @ Fairfield Stags  (20 players)  [66]
  Cleveland State Vikings @ Oakland Golden Grizzlies  (19 players)  [67]
  Wright State Raiders @ Detroit Mercy Titans  (20 players)  [68]
  IU Indianapolis Jaguars @ Green Bay Phoenix  (18 players)  [69]
  Merrimack Warriors @ Siena Saints  (15 players)  [70]
  Saint Peter's Peacocks @ Mount St. Mary's Mountaineers  (19 players)  [71]
  Niagara Purple Eagles @ Iona Gaels  (20 players)  [72]
  Marist Red Foxes @ Sacred Heart Pioneers  (18 players)  [73]
  Canisius Golden Griffins @ Manhattan Jaspers  (16 players)  [74]
  Northern Kentucky Norse @ Milwaukee Panthers  (19 players)  [75]
  Akron Zips @ Bowling Green Falcons  (15 players)  [76]
  USC Trojans @ Minnesota Golden Gophers  (16 players)  [77]
  UNLV Rebels @ Colorado State Rams  (19 players)  [78]

2026-01-10  (19 new games)
  Arizona Wildcats @ TCU Horned Frogs  (16 players)  [79]
  Wisconsin Badgers @ Michigan Wolverines  (16 players)  [80]
  Oklahoma State Cowboys @ Iowa State Cyclones  (16 players)  [81]
  DePaul Blue Demons @ UConn Huskies  (19 players)  [82]
  Penn State Nittany Lions @ Purdue Boilermakers  (17 players)  [83]
  SMU Mustangs @ Duke Blue Devils  (16 players)  [84]
  Houston Cougars @ Baylor Bears  (18 players)  [85]
  BYU Cougars @ Utah Utes  (17 players)  [86]
  Nebraska Cornhuskers @ Indiana Hoosiers  (16 players)  [87]
  LSU Tigers @ Vanderbilt Commodores  (16 players)  [88]
  Texas Longhorns @ Alabama Crimson Tide  (17 players)  [89]
  Texas Tech Red Raiders @ Colorado Buffaloes  (15 players)  [90]
  Arkansas Razorbacks @ Auburn Tigers  (17 players)  [91]
  Wake Forest Demon Deacons @ North Carolina Tar Heels  (17 players)  [92]
  Georgia Bulldogs @ South Carolina Gamecocks  (17 players)  [93]
  Boston College Eagles @ Louisville Cardinals  (17 players)  [94]
  Tennessee Volunteers @ Florida Gators  (18 players)  [95]
  Kansas Jayhawks @ West Virginia Mountaineers  (17 players)  [96]
  Stanford Cardinal @ Virginia Cavaliers  (19 players)  [97]

2026-01-11  (2 new games)
  Illinois Fighting Illini @ Iowa Hawkeyes  (16 players)  [98]
  Cincinnati Bearcats @ UCF Knights  (16 players)  [99]

2026-01-12  (17 new games)
  North Carolina Central Eagles @ Morgan State Bears  (13 players)  [100]
  Delaware State Hornets @ Howard Bison  (21 players)  [101]
  Alcorn State Braves @ Alabama State Hornets  (18 players)  [102]
  Grambling Tigers @ Florida A&M Rattlers  (15 players)  [103]
  Arkansas-Pine Bluff Golden Lions @ Prairie View A&M Panthers  (16 players)  [104]
  Southern Jaguars @ Bethune-Cookman Wildcats  (18 players)  [105]
  Maryland Eastern Shore Hawks @ Norfolk State Spartans  (19 players)  [106]
  South Carolina State Bulldogs @ Coppin State Eagles  (20 players)  [107]
  Houston Christian Huskies @ Lamar Cardinals  (19 players)  [108]
  Navy Midshipmen @ American University Eagles  (15 players)  [109]
  Incarnate Word Cardinals @ Stephen F. Austin Lumberjacks  (19 players)  [110]
  New Orleans Privateers @ SE Louisiana Lions  (18 players)  [111]
  UT Rio Grande Valley Vaqueros @ Northwestern State Demons  (19 players)  [112]
  Nicholls Colonels @ McNeese Cowboys  (19 players)  [113]
  Texas A&M-Corpus Christi Islanders @ East Texas A&M Lions  (18 players)  [114]
  Mississippi Valley State Delta Devils @ Texas Southern Tigers  (16 players)  [115]
  Jackson State Tigers @ Alabama A&M Bulldogs  (18 players)  [116]

2026-01-13  (10 new games)
  Iowa State Cyclones @ Kansas Jayhawks  (16 players)  [117]
  UConn Huskies @ Seton Hall Pirates  (17 players)  [118]
  West Virginia Mountaineers @ Houston Cougars  (20 players)  [119]
  Oregon Ducks @ Nebraska Cornhuskers  (18 players)  [120]
  Indiana Hoosiers @ Michigan State Spartans  (16 players)  [121]
  Virginia Cavaliers @ Louisville Cardinals  (16 players)  [122]
  Alabama Crimson Tide @ Mississippi State Bulldogs  (18 players)  [123]
  Florida Gators @ Oklahoma Sooners  (19 players)  [124]
  Boston College Eagles @ Clemson Tigers  (18 players)  [125]
  Texas A&M Aggies @ Tennessee Volunteers  (20 players)  [126]

2026-01-14  (12 new games)
  Arizona State Sun Devils @ Arizona Wildcats  (16 players)  [127]
  Michigan Wolverines @ Washington Huskies  (18 players)  [128]
  Iowa Hawkeyes @ Purdue Boilermakers  (17 players)  [129]
  Duke Blue Devils @ California Golden Bears  (18 players)  [130]
  Vanderbilt Commodores @ Texas Longhorns  (17 players)  [131]
  TCU Horned Frogs @ BYU Cougars  (16 players)  [132]
  Illinois Fighting Illini @ Northwestern Wildcats  (17 players)  [133]
  North Carolina Tar Heels @ Stanford Cardinal  (17 players)  [134]
  Utah Utes @ Texas Tech Red Raiders  (14 players)  [135]
  South Carolina Gamecocks @ Arkansas Razorbacks  (18 players)  [136]
  Ole Miss Rebels @ Georgia Bulldogs  (19 players)  [137]
  Nevada Wolf Pack @ Utah State Aggies  (19 players)  [138]

2026-01-15  (1 new games)
  Gonzaga Bulldogs @ Washington State Cougars  (17 players)  [139]

2026-01-16  (7 new games)
  Creighton Bluejays @ Providence Friars  (16 players)  [140]
  Toledo Rockets @ Kent State Golden Flashes  (18 players)  [141]
  Baylor Bears @ Kansas Jayhawks  (16 players)  [142]
  Loyola Chicago Ramblers @ Dayton Flyers  (16 players)  [143]
  Marquette Golden Eagles @ DePaul Blue Demons  (15 players)  [144]
  Ohio Bobcats @ Ball State Cardinals  (14 players)  [145]
  Colorado State Rams @ Boise State Broncos  (18 players)  [146]

2026-01-17  (21 new games)
  Arizona Wildcats @ UCF Knights  (17 players)  [147]
  Iowa State Cyclones @ Cincinnati Bearcats  (18 players)  [148]
  UConn Huskies @ Georgetown Hoyas  (18 players)  [149]
  Michigan Wolverines @ Oregon Ducks  (18 players)  [150]
  Purdue Boilermakers @ USC Trojans  (17 players)  [151]
  Duke Blue Devils @ Stanford Cardinal  (18 players)  [152]
  Nebraska Cornhuskers @ Northwestern Wildcats  (16 players)  [153]
  Gonzaga Bulldogs @ Seattle U Redhawks  (19 players)  [154]
  Florida Gators @ Vanderbilt Commodores  (15 players)  [155]
  BYU Cougars @ Texas Tech Red Raiders  (14 players)  [156]
  Michigan State Spartans @ Washington Huskies  (19 players)  [157]
  Minnesota Golden Gophers @ Illinois Fighting Illini  (16 players)  [158]
  North Carolina Tar Heels @ California Golden Bears  (19 players)  [159]
  Virginia Cavaliers @ SMU Mustangs  (18 players)  [160]
  Arkansas Razorbacks @ Georgia Bulldogs  (17 players)  [161]
  Alabama Crimson Tide @ Oklahoma Sooners  (16 players)  [162]
  Louisville Cardinals @ Pittsburgh Panthers  (16 players)  [163]
  Miami Hurricanes @ Clemson Tigers  (17 players)  [164]
  Utah State Aggies @ Grand Canyon Lopes  (19 players)  [165]
  Kentucky Wildcats @ Tennessee Volunteers  (19 players)  [166]
  Butler Bulldogs @ Seton Hall Pirates  (19 players)  [167]

2026-01-18  (1 new games)
  Arizona State Sun Devils @ Houston Cougars  (18 players)  [168]

2026-01-19  (41 new games)
  Northeastern Huskies @ Monmouth Hawks  (18 players)  [169]
  Stonehill Skyhawks @ Saint Francis Red Flash  (19 players)  [170]
  Vermont Catamounts @ UAlbany Great Danes  (15 players)  [171]
  Drexel Dragons @ Towson Tigers  (18 players)  [172]
  Iona Gaels @ Saint Peter's Peacocks  (17 players)  [173]
  Sacred Heart Pioneers @ Rider Broncs  (19 players)  [174]
  Cornell Big Red @ Brown Bears  (17 players)  [175]
  Columbia Lions @ Yale Bulldogs  (16 players)  [176]
  Fairfield Stags @ Siena Saints  (16 players)  [177]
  Mount St. Mary's Mountaineers @ Niagara Purple Eagles  (18 players)  [178]
  Merrimack Warriors @ Marist Red Foxes  (16 players)  [179]
  Manhattan Jaspers @ Quinnipiac Bobcats  (16 players)  [180]
  Central Connecticut Blue Devils @ Mercyhurst Lakers  (18 players)  [181]
  Pennsylvania Quakers @ Harvard Crimson  (16 players)  [182]
  Wagner Seahawks @ Fairleigh Dickinson Knights  (16 players)  [183]
  New Hampshire Wildcats @ Maine Black Bears  (18 players)  [184]
  UMBC Retrievers @ Binghamton Bearcats  (15 players)  [185]
  Bryant Bulldogs @ NJIT Highlanders  (19 players)  [186]
  Saint Joseph's Hawks @ VCU Rams  (17 players)  [187]
  Prairie View A&M Panthers @ Alcorn State Braves  (16 players)  [188]
  Long Island University Sharks @ Le Moyne Dolphins  (16 players)  [189]
  Morehouse Maroon Tigers @ Howard Bison  (18 players)  [190]
  McNeese Cowboys @ Texas A&M-Corpus Christi Islanders  (20 players)  [191]
  George Washington Revolutionaries @ George Mason Patriots  (18 players)  [192]
  Alabama A&M Bulldogs @ Alabama State Hornets  (18 players)  [193]
  Princeton Tigers @ Dartmouth Big Green  (17 players)  [194]
  Providence Friars @ Marquette Golden Eagles  (15 players)  [195]
  East Texas A&M Lions @ Incarnate Word Cardinals  (18 players)  [196]
  Bethune-Cookman Wildcats @ Arkansas-Pine Bluff Golden Lions  (16 players)  [197]
  Elizabeth City State Vikings @ Norfolk State Spartans  (22 players)  [198]
  New Haven Chargers @ Chicago State Cougars  (16 players)  [199]
  Loyola Maryland Greyhounds @ Lehigh Mountain Hawks  (17 players)  [200]
  SE Louisiana Lions @ UT Rio Grande Valley Vaqueros  (18 players)  [201]
  Stephen F. Austin Lumberjacks @ Nicholls Colonels  (18 players)  [202]
  Florida A&M Rattlers @ Mississippi Valley State Delta Devils  (17 players)  [203]
  Texas Southern Tigers @ Jackson State Tigers  (15 players)  [204]
  Northwestern State Demons @ Houston Christian Huskies  (16 players)  [205]
  Lamar Cardinals @ New Orleans Privateers  (18 players)  [206]
  Montana State Bobcats @ Northern Colorado Bears  (16 players)  [207]
  Montana Grizzlies @ Northern Arizona Lumberjacks  (19 players)  [208]
  North Carolina A&T Aggies @ Hampton Pirates  (19 players)  [209]

2026-01-20  (12 new games)
  Indiana Hoosiers @ Michigan Wolverines  (17 players)  [210]
  Purdue Boilermakers @ UCLA Bruins  (17 players)  [211]
  UCF Knights @ Iowa State Cyclones  (18 players)  [212]
  Michigan State Spartans @ Oregon Ducks  (20 players)  [213]
  Texas Tech Red Raiders @ Baylor Bears  (14 players)  [214]
  Vanderbilt Commodores @ Arkansas Razorbacks  (16 players)  [215]
  LSU Tigers @ Florida Gators  (16 players)  [216]
  NC State Wolfpack @ Clemson Tigers  (16 players)  [217]
  Kansas Jayhawks @ Colorado Buffaloes  (18 players)  [218]
  Georgia Bulldogs @ Missouri Tigers  (19 players)  [219]
  Saint Louis Billikens @ Duquesne Dukes  (18 players)  [220]
  Miami (OH) RedHawks @ Kent State Golden Flashes  (15 players)  [221]

2026-01-21  (5 new games)
  Cincinnati Bearcats @ Arizona Wildcats  (18 players)  [222]
  Washington Huskies @ Nebraska Cornhuskers  (15 players)  [223]
  Pepperdine Waves @ Gonzaga Bulldogs  (20 players)  [224]
  Maryland Terrapins @ Illinois Fighting Illini  (17 players)  [225]
  Notre Dame Fighting Irish @ North Carolina Tar Heels  (20 players)  [226]

2026-01-22  (49 new games)
  UL Monroe Warhawks @ Marshall Thundering Herd  (23 players)  [227]
  Louisiana Ragin' Cajuns @ App State Mountaineers  (16 players)  [228]
  Stetson Hatters @ Lipscomb Bisons  (16 players)  [229]
  Florida Gulf Coast Eagles @ Austin Peay Governors  (18 players)  [230]
  Central Arkansas Bears @ West Georgia Wolves  (17 players)  [231]
  Vermont Catamounts @ UMass Lowell River Hawks  (17 players)  [232]
  NJIT Highlanders @ UMBC Retrievers  (17 players)  [233]
  Binghamton Bearcats @ New Hampshire Wildcats  (16 players)  [234]
  UAlbany Great Danes @ Maine Black Bears  (15 players)  [235]
  Green Bay Phoenix @ Youngstown State Penguins  (18 players)  [236]
  South Florida Bulls @ UAB Blazers  (16 players)  [237]
  Wisconsin Badgers @ Penn State Nittany Lions  (20 players)  [238]
  Merrimack Warriors @ Iona Gaels  (15 players)  [239]
  Milwaukee Panthers @ Robert Morris Colonials  (18 players)  [240]
  Quinnipiac Bobcats @ Mount St. Mary's Mountaineers  (19 players)  [241]
  Niagara Purple Eagles @ Fairfield Stags  (16 players)  [242]
  Canisius Golden Griffins @ Sacred Heart Pioneers  (15 players)  [243]
  Marist Red Foxes @ Siena Saints  (17 players)  [244]
  UNC Wilmington Seahawks @ William & Mary Tribe  (16 players)  [245]
  Campbell Fighting Camels @ Charleston Cougars  (16 players)  [246]
  Towson Tigers @ Elon Phoenix  (17 players)  [247]
  Monmouth Hawks @ Hampton Pirates  (16 players)  [248]
  Hofstra Pride @ North Carolina A&T Aggies  (16 players)  [249]
  Stony Brook Seawolves @ Northeastern Huskies  (16 players)  [250]
  South Alabama Jaguars @ James Madison Dukes  (17 players)  [251]
  Southern Miss Golden Eagles @ Georgia State Panthers  (18 players)  [252]
  Arkansas State Red Wolves @ Georgia Southern Eagles  (19 players)  [253]
  Texas State Bobcats @ Coastal Carolina Chanticleers  (20 players)  [254]
  Eastern Kentucky Colonels @ North Florida Ospreys  (19 players)  [255]
  Bellarmine Knights @ Jacksonville Dolphins  (18 players)  [256]
  Western Illinois Leathernecks @ Morehead State Eagles  (17 players)  [257]
  North Dakota Fighting Hawks @ Oral Roberts Golden Eagles  (18 players)  [258]
  Little Rock Trojans @ Southeast Missouri State Redhawks  (17 players)  [259]
  Tennessee Tech Golden Eagles @ Lindenwood Lions  (18 players)  [260]
  Eastern Illinois Panthers @ Southern Indiana Screaming Eagles  (18 players)  [261]
  South Dakota State Jackrabbits @ St. Thomas-Minnesota Tommies  (17 players)  [262]
  North Dakota State Bison @ Denver Pioneers  (17 players)  [263]
  Cal Poly Mustangs @ UC Santa Barbara Gauchos  (22 players)  [264]
  UC San Diego Tritons @ UC Davis Aggies  (18 players)  [265]
  Weber State Wildcats @ Montana Grizzlies  (18 players)  [266]
  Idaho State Bengals @ Montana State Bobcats  (17 players)  [267]
  Sacramento State Hornets @ Idaho Vandals  (15 players)  [268]
  Portland State Vikings @ Eastern Washington Eagles  (18 players)  [269]
  Tennessee State Tigers @ SIU Edwardsville Cougars  (17 players)  [270]
  Missouri State Bears @ New Mexico State Aggies  (18 players)  [271]
  Florida International Panthers @ UTEP Miners  (19 players)  [272]
  Long Beach State Beach @ Cal State Fullerton Titans  (17 players)  [273]
  UC Irvine Anteaters @ UC Riverside Highlanders  (17 players)  [274]
  Cal State Bakersfield Roadrunners @ Hawai'i Rainbow Warriors  (18 players)  [275]

2026-01-23  (2 new games)
  Ohio State Buckeyes @ Michigan Wolverines  (18 players)  [276]
  Saint Louis Billikens @ St. Bonaventure Bonnies  (17 players)  [277]

2026-01-24  (19 new games)
  West Virginia Mountaineers @ Arizona Wildcats  (17 players)  [278]
  Villanova Wildcats @ UConn Huskies  (17 players)  [279]
  Illinois Fighting Illini @ Purdue Boilermakers  (16 players)  [280]
  Wake Forest Demon Deacons @ Duke Blue Devils  (17 players)  [281]
  Houston Cougars @ Texas Tech Red Raiders  (16 players)  [282]
  Nebraska Cornhuskers @ Minnesota Golden Gophers  (14 players)  [283]
  San Francisco Dons @ Gonzaga Bulldogs  (18 players)  [284]
  Iowa State Cyclones @ Oklahoma State Cowboys  (18 players)  [285]
  Maryland Terrapins @ Michigan State Spartans  (22 players)  [286]
  Utah Utes @ BYU Cougars  (17 players)  [287]
  North Carolina Tar Heels @ Virginia Cavaliers  (18 players)  [288]
  Vanderbilt Commodores @ Mississippi State Bulldogs  (20 players)  [289]
  Auburn Tigers @ Florida Gators  (15 players)  [290]
  Tennessee Volunteers @ Alabama Crimson Tide  (18 players)  [291]
  Clemson Tigers @ Georgia Tech Yellow Jackets  (17 players)  [292]
  Kansas Jayhawks @ Kansas State Wildcats  (14 players)  [293]
  LSU Tigers @ Arkansas Razorbacks  (16 players)  [294]
  Georgia Bulldogs @ Texas Longhorns  (18 players)  [295]
  Virginia Tech Hokies @ Louisville Cardinals  (16 players)  [296]

2026-01-25  (4 new games)
  Florida Atlantic Owls @ South Florida Bulls  (17 players)  [297]
  Oregon Ducks @ Washington Huskies  (18 players)  [298]
  Chicago State Cougars @ Mercyhurst Lakers  (17 players)  [299]
  USC Trojans @ Wisconsin Badgers  (16 players)  [300]

2026-01-26  (2 new games)
  Arizona Wildcats @ BYU Cougars  (17 players)  [301]
  Louisville Cardinals @ Duke Blue Devils  (17 players)  [302]

2026-01-27  (10 new games)
  Providence Friars @ UConn Huskies  (17 players)  [303]
  Nebraska Cornhuskers @ Michigan Wolverines  (16 players)  [304]
  Michigan State Spartans @ Rutgers Scarlet Knights  (18 players)  [305]
  Purdue Boilermakers @ Indiana Hoosiers  (16 players)  [306]
  Arkansas Razorbacks @ Oklahoma Sooners  (16 players)  [307]
  Virginia Cavaliers @ Notre Dame Fighting Irish  (17 players)  [308]
  Kentucky Wildcats @ Vanderbilt Commodores  (18 players)  [309]
  George Washington Revolutionaries @ Saint Louis Billikens  (17 players)  [310]
  Missouri Tigers @ Alabama Crimson Tide  (20 players)  [311]
  Massachusetts Minutemen @ Miami (OH) RedHawks  (16 players)  [312]

2026-01-28  (3 new games)
  Houston Cougars @ TCU Horned Frogs  (16 players)  [313]
  Florida Gators @ South Carolina Gamecocks  (21 players)  [314]
  Butler Bulldogs @ St. John's Red Storm  (19 players)  [315]

2026-01-29  (2 new games)
  Colorado Buffaloes @ Iowa State Cyclones  (20 players)  [316]
  Washington Huskies @ Illinois Fighting Illini  (15 players)  [317]

2026-01-30  (2 new games)
  Michigan Wolverines @ Michigan State Spartans  (18 players)  [318]
  Dayton Flyers @ Saint Louis Billikens  (19 players)  [319]

2026-01-31  (14 new games)
  Arizona Wildcats @ Arizona State Sun Devils  (16 players)  [320]
  UConn Huskies @ Creighton Bluejays  (20 players)  [321]
  Duke Blue Devils @ Virginia Tech Hokies  (16 players)  [322]
  Saint Mary's Gaels @ Gonzaga Bulldogs  (17 players)  [323]
  Cincinnati Bearcats @ Houston Cougars  (19 players)  [324]
  Texas Tech Red Raiders @ UCF Knights  (15 players)  [325]
  BYU Cougars @ Kansas Jayhawks  (16 players)  [326]
  Kentucky Wildcats @ Arkansas Razorbacks  (16 players)  [327]
  North Carolina Tar Heels @ Georgia Tech Yellow Jackets  (17 players)  [328]
  Virginia Cavaliers @ Boston College Eagles  (18 players)  [329]
  Ole Miss Rebels @ Vanderbilt Commodores  (21 players)  [330]
  SMU Mustangs @ Louisville Cardinals  (18 players)  [331]
  Pittsburgh Panthers @ Clemson Tigers  (18 players)  [332]
  Northern Illinois Huskies @ Miami (OH) RedHawks  (16 players)  [333]

2026-02-01  (4 new games)
  Illinois Fighting Illini @ Nebraska Cornhuskers  (14 players)  [334]
  Iowa State Cyclones @ Kansas State Wildcats  (16 players)  [335]
  Purdue Boilermakers @ Maryland Terrapins  (20 players)  [336]
  Alabama Crimson Tide @ Florida Gators  (17 players)  [337]

2026-02-02  (2 new games)
  Kansas Jayhawks @ Texas Tech Red Raiders  (15 players)  [338]
  Syracuse Orange @ North Carolina Tar Heels  (18 players)  [339]

2026-02-03  (7 new games)
  Xavier Musketeers @ UConn Huskies  (18 players)  [340]
  Boston College Eagles @ Duke Blue Devils  (18 players)  [341]
  Pittsburgh Panthers @ Virginia Cavaliers  (16 players)  [342]
  Saint Louis Billikens @ Davidson Wildcats  (20 players)  [343]
  St. John's Red Storm @ DePaul Blue Demons  (17 players)  [344]
  Miami (OH) RedHawks @ Buffalo Bulls  (16 players)  [345]
  Ole Miss Rebels @ Tennessee Volunteers  (18 players)  [346]

2026-02-04  (7 new games)
  Northwestern Wildcats @ Illinois Fighting Illini  (21 players)  [347]
  Gonzaga Bulldogs @ Portland Pilots  (17 players)  [348]
  UCF Knights @ Houston Cougars  (17 players)  [349]
  Michigan State Spartans @ Minnesota Golden Gophers  (17 players)  [350]
  BYU Cougars @ Oklahoma State Cowboys  (17 players)  [351]
  Clemson Tigers @ Stanford Cardinal  (18 players)  [352]
  Notre Dame Fighting Irish @ Louisville Cardinals  (18 players)  [353]

2026-02-05  (1 new games)
  Penn State Nittany Lions @ Michigan Wolverines  (17 players)  [354]

2026-02-06  (1 new games)
  UConn Huskies @ St. John's Red Storm  (17 players)  [355]

2026-02-07  (18 new games)
  Oklahoma State Cowboys @ Arizona Wildcats  (21 players)  [356]
  Duke Blue Devils @ North Carolina Tar Heels  (15 players)  [357]
  Illinois Fighting Illini @ Michigan State Spartans  (15 players)  [358]
  Gonzaga Bulldogs @ Oregon State Beavers  (18 players)  [359]
  Baylor Bears @ Iowa State Cyclones  (15 players)  [360]
  Houston Cougars @ BYU Cougars  (16 players)  [361]
  Nebraska Cornhuskers @ Rutgers Scarlet Knights  (16 players)  [362]
  Utah Utes @ Kansas Jayhawks  (17 players)  [363]
  Oregon Ducks @ Purdue Boilermakers  (18 players)  [364]
  Oklahoma Sooners @ Vanderbilt Commodores  (17 players)  [365]
  Florida Gators @ Texas A&M Aggies  (18 players)  [366]
  Syracuse Orange @ Virginia Cavaliers  (17 players)  [367]
  La Salle Explorers @ Saint Louis Billikens  (18 players)  [368]
  Clemson Tigers @ California Golden Bears  (19 players)  [369]
  Arkansas Razorbacks @ Mississippi State Bulldogs  (17 players)  [370]
  Miami (OH) RedHawks @ Marshall Thundering Herd  (17 players)  [371]
  Louisville Cardinals @ Wake Forest Demon Deacons  (19 players)  [372]
  Tennessee Volunteers @ Kentucky Wildcats  (17 players)  [373]

2026-02-08  (2 new games)
  Michigan Wolverines @ Ohio State Buckeyes  (16 players)  [374]
  Texas Tech Red Raiders @ West Virginia Mountaineers  (14 players)  [375]

2026-02-09  (3 new games)
  Arizona Wildcats @ Kansas Jayhawks  (15 players)  [376]
  Xavier Musketeers @ St. John's Red Storm  (17 players)  [377]
  NC State Wolfpack @ Louisville Cardinals  (20 players)  [378]

2026-02-10  (11 new games)
  Houston Cougars @ Utah Utes  (18 players)  [379]
  Duke Blue Devils @ Pittsburgh Panthers  (14 players)  [380]
  Iowa State Cyclones @ TCU Horned Frogs  (15 players)  [381]
  Purdue Boilermakers @ Nebraska Cornhuskers  (17 players)  [382]
  Wisconsin Badgers @ Illinois Fighting Illini  (14 players)  [383]
  North Carolina Tar Heels @ Miami Hurricanes  (17 players)  [384]
  Washington State Cougars @ Gonzaga Bulldogs  (18 players)  [385]
  Virginia Cavaliers @ Florida State Seminoles  (17 players)  [386]
  Vanderbilt Commodores @ Auburn Tigers  (15 players)  [387]
  Arkansas Razorbacks @ LSU Tigers  (16 players)  [388]
  BYU Cougars @ Baylor Bears  (15 players)  [389]

2026-02-11  (5 new games)
  Michigan Wolverines @ Northwestern Wildcats  (17 players)  [390]
  UConn Huskies @ Butler Bulldogs  (17 players)  [391]
  Florida Gators @ Georgia Bulldogs  (17 players)  [392]
  Colorado Buffaloes @ Texas Tech Red Raiders  (18 players)  [393]
  Virginia Tech Hokies @ Clemson Tigers  (18 players)  [394]

2026-02-12  (57 new games)
  NJIT Highlanders @ New Hampshire Wildcats  (19 players)  [395]
  UMBC Retrievers @ Maine Black Bears  (17 players)  [396]
  Bryant Bulldogs @ UMass Lowell River Hawks  (16 players)  [397]
  Northern Kentucky Norse @ IU Indianapolis Jaguars  (15 players)  [398]
  Vermont Catamounts @ Binghamton Bearcats  (15 players)  [399]
  Middle Tennessee Blue Raiders @ Kennesaw State Owls  (16 players)  [400]
  Valparaiso Beacons @ Illinois State Redbirds  (18 players)  [401]
  Murray State Racers @ Indiana State Sycamores  (18 players)  [402]
  Marist Red Foxes @ Merrimack Warriors  (15 players)  [403]
  Winthrop Eagles @ Gardner-Webb Runnin' Bulldogs  (20 players)  [404]
  UNC Asheville Bulldogs @ Longwood Lancers  (14 players)  [405]
  Presbyterian Blue Hose @ Charleston Southern Buccaneers  (18 players)  [406]
  High Point Panthers @ South Carolina Upstate Spartans  (18 players)  [407]
  Robert Morris Colonials @ Cleveland State Vikings  (19 players)  [408]
  Youngstown State Penguins @ Oakland Golden Grizzlies  (15 players)  [409]
  Detroit Mercy Titans @ Wright State Raiders  (19 players)  [410]
  Purdue Fort Wayne Mastodons @ Green Bay Phoenix  (18 players)  [411]
  Central Connecticut Blue Devils @ New Haven Chargers  (17 players)  [412]
  Stonehill Skyhawks @ Chicago State Cougars  (17 players)  [413]
  Long Island University Sharks @ Wagner Seahawks  (15 players)  [414]
  Mercyhurst Lakers @ Le Moyne Dolphins  (18 players)  [415]
  Saint Francis Red Flash @ Fairleigh Dickinson Knights  (15 players)  [416]
  Stony Brook Seawolves @ Towson Tigers  (17 players)  [417]
  Hofstra Pride @ Charleston Cougars  (16 players)  [418]
  Monmouth Hawks @ Drexel Dragons  (18 players)  [419]
  William & Mary Tribe @ Northeastern Huskies  (18 players)  [420]
  Elon Phoenix @ UNC Wilmington Seahawks  (17 players)  [421]
  Georgia State Panthers @ James Madison Dukes  (17 players)  [422]
  Delaware Blue Hens @ Florida International Panthers  (16 players)  [423]
  UIC Flames @ Drake Bulldogs  (18 players)  [424]
  Tennessee Tech Golden Eagles @ Morehead State Eagles  (17 players)  [425]
  Evansville Purple Aces @ Southern Illinois Salukis  (15 players)  [426]
  Kansas City Roos @ Oral Roberts Golden Eagles  (16 players)  [427]
  St. Thomas-Minnesota Tommies @ Omaha Mavericks  (15 players)  [428]
  Coastal Carolina Chanticleers @ Louisiana Ragin' Cajuns  (16 players)  [429]
  Sacramento State Hornets @ Northern Colorado Bears  (16 players)  [430]
  Portland State Vikings @ Northern Arizona Lumberjacks  (17 players)  [431]
  South Alabama Jaguars @ Southern Miss Golden Eagles  (17 players)  [432]
  Southeast Missouri State Redhawks @ SIU Edwardsville Cougars  (20 players)  [433]
  Little Rock Trojans @ Western Illinois Leathernecks  (17 players)  [434]
  UT Martin Skyhawks @ Lindenwood Lions  (17 players)  [435]
  California Baptist Lancers @ Southern Utah Thunderbirds  (20 players)  [436]
  Louisiana Tech Bulldogs @ Missouri State Bears  (18 players)  [437]
  Northern Iowa Panthers @ Belmont Bruins  (17 players)  [438]
  Oregon State Beavers @ San Francisco Dons  (19 players)  [439]
  Memphis Tigers @ North Texas Mean Green  (18 players)  [440]
  South Dakota State Jackrabbits @ Denver Pioneers  (16 players)  [441]
  Weber State Wildcats @ Idaho Vandals  (18 players)  [442]
  Idaho State Bengals @ Eastern Washington Eagles  (22 players)  [443]
  Tennessee State Tigers @ Southern Indiana Screaming Eagles  (18 players)  [444]
  Utah Valley Wolverines @ Utah Tech Trailblazers  (17 players)  [445]
  UT Arlington Mavericks @ Abilene Christian Wildcats  (19 players)  [446]
  Hawai'i Rainbow Warriors @ Cal State Bakersfield Roadrunners  (16 players)  [447]
  UC Santa Barbara Gauchos @ UC Riverside Highlanders  (15 players)  [448]
  Cal State Fullerton Titans @ Long Beach State Beach  (19 players)  [449]
  UC Irvine Anteaters @ Cal Poly Mustangs  (18 players)  [450]
  UC Davis Aggies @ UC San Diego Tritons  (19 players)  [451]

2026-02-13  (3 new games)
  Michigan State Spartans @ Wisconsin Badgers  (18 players)  [452]
  Saint Louis Billikens @ Loyola Chicago Ramblers  (17 players)  [453]
  Ohio Bobcats @ Miami (OH) RedHawks  (17 players)  [454]

2026-02-14  (17 new games)
  Texas Tech Red Raiders @ Arizona Wildcats  (15 players)  [455]
  UCLA Bruins @ Michigan Wolverines  (18 players)  [456]
  Kansas State Wildcats @ Houston Cougars  (17 players)  [457]
  Clemson Tigers @ Duke Blue Devils  (17 players)  [458]
  Kansas Jayhawks @ Iowa State Cyclones  (17 players)  [459]
  Georgetown Hoyas @ UConn Huskies  (17 players)  [460]
  Northwestern Wildcats @ Nebraska Cornhuskers  (15 players)  [461]
  Pittsburgh Panthers @ North Carolina Tar Heels  (16 players)  [462]
  Gonzaga Bulldogs @ Santa Clara Broncos  (17 players)  [463]
  Purdue Boilermakers @ Iowa Hawkeyes  (19 players)  [464]
  Kentucky Wildcats @ Florida Gators  (16 players)  [465]
  Virginia Cavaliers @ Ohio State Buckeyes  (17 players)  [466]
  St. John's Red Storm @ Providence Friars  (18 players)  [467]
  Texas A&M Aggies @ Vanderbilt Commodores  (17 players)  [468]
  Auburn Tigers @ Arkansas Razorbacks  (14 players)  [469]
  Colorado Buffaloes @ BYU Cougars  (17 players)  [470]
  Louisville Cardinals @ Baylor Bears  (17 players)  [471]

2026-02-15  (1 new games)
  Indiana Hoosiers @ Illinois Fighting Illini  (14 players)  [472]

2026-02-16  (2 new games)
  Houston Cougars @ Iowa State Cyclones  (18 players)  [473]
  Syracuse Orange @ Duke Blue Devils  (18 players)  [474]

2026-02-17  (10 new games)
  Michigan Wolverines @ Purdue Boilermakers  (18 players)  [475]
  Nebraska Cornhuskers @ Iowa Hawkeyes  (15 players)  [476]
  South Carolina Gamecocks @ Florida Gators  (17 players)  [477]
  Texas Tech Red Raiders @ Arizona State Sun Devils  (17 players)  [478]
  UCLA Bruins @ Michigan State Spartans  (19 players)  [479]
  North Carolina Tar Heels @ NC State Wolfpack  (17 players)  [480]
  Saint Louis Billikens @ Rhode Island Rams  (17 players)  [481]
  Louisville Cardinals @ SMU Mustangs  (18 players)  [482]
  Miami (OH) RedHawks @ Massachusetts Minutemen  (17 players)  [483]
  Wisconsin Badgers @ Ohio State Buckeyes  (16 players)  [484]

2026-02-18  (9 new games)
  BYU Cougars @ Arizona Wildcats  (16 players)  [485]
  Creighton Bluejays @ UConn Huskies  (19 players)  [486]
  Kansas Jayhawks @ Oklahoma State Cowboys  (18 players)  [487]
  Illinois Fighting Illini @ USC Trojans  (18 players)  [488]
  Gonzaga Bulldogs @ San Francisco Dons  (16 players)  [489]
  Virginia Cavaliers @ Georgia Tech Yellow Jackets  (20 players)  [490]
  St. John's Red Storm @ Marquette Golden Eagles  (18 players)  [491]
  Vanderbilt Commodores @ Missouri Tigers  (17 players)  [492]
  Arkansas Razorbacks @ Alabama Crimson Tide  (15 players)  [493]

2026-02-19  (53 new games)
  Vermont Catamounts @ UMBC Retrievers  (17 players)  [494]
  New Hampshire Wildcats @ UMass Lowell River Hawks  (18 players)  [495]
  Binghamton Bearcats @ Bryant Bulldogs  (15 players)  [496]
  Florida International Panthers @ Liberty Flames  (16 players)  [497]
  South Carolina Upstate Spartans @ Winthrop Eagles  (17 players)  [498]
  Marshall Thundering Herd @ App State Mountaineers  (17 players)  [499]
  Memphis Tigers @ South Florida Bulls  (20 players)  [500]
  UNC Asheville Bulldogs @ High Point Panthers  (19 players)  [501]
  Longwood Lancers @ Presbyterian Blue Hose  (17 players)  [502]
  Gardner-Webb Runnin' Bulldogs @ Radford Highlanders  (19 players)  [503]
  IU Indianapolis Jaguars @ Wright State Raiders  (18 players)  [504]
  Wagner Seahawks @ Mercyhurst Lakers  (17 players)  [505]
  Stonehill Skyhawks @ New Haven Chargers  (16 players)  [506]
  Long Island University Sharks @ Saint Francis Red Flash  (16 players)  [507]
  Le Moyne Dolphins @ Central Connecticut Blue Devils  (18 players)  [508]
  Fairleigh Dickinson Knights @ Chicago State Cougars  (20 players)  [509]
  UAlbany Great Danes @ NJIT Highlanders  (16 players)  [510]
  Monmouth Hawks @ UNC Wilmington Seahawks  (16 players)  [511]
  Drexel Dragons @ Northeastern Huskies  (17 players)  [512]
  William & Mary Tribe @ Campbell Fighting Camels  (16 players)  [513]
  Charleston Cougars @ North Carolina A&T Aggies  (17 players)  [514]
  Samford Bulldogs @ The Citadel Bulldogs  (16 players)  [515]
  Chattanooga Mocs @ Mercer Bears  (15 players)  [516]
  Austin Peay Governors @ North Florida Ospreys  (15 players)  [517]
  Alabama State Hornets @ Bethune-Cookman Wildcats  (18 players)  [518]
  Kansas City Roos @ North Dakota Fighting Hawks  (18 players)  [519]
  Hampton Pirates @ Hofstra Pride  (18 players)  [520]
  Texas State Bobcats @ South Alabama Jaguars  (17 players)  [521]
  Arkansas State Red Wolves @ Louisiana Ragin' Cajuns  (18 players)  [522]
  Georgia Southern Eagles @ Georgia State Panthers  (18 players)  [523]
  Central Arkansas Bears @ Stetson Hatters  (18 players)  [524]
  California Baptist Lancers @ Utah Valley Wolverines  (18 players)  [525]
  Utah Tech Trailblazers @ UT Arlington Mavericks  (18 players)  [526]
  Southern Utah Thunderbirds @ Tarleton State Texans  (16 players)  [527]
  UT Martin Skyhawks @ Little Rock Trojans  (16 players)  [528]
  Southern Indiana Screaming Eagles @ Western Illinois Leathernecks  (18 players)  [529]
  Lindenwood Lions @ Tennessee State Tigers  (14 players)  [530]
  Morehead State Eagles @ Eastern Illinois Panthers  (18 players)  [531]
  Prairie View A&M Panthers @ Mississippi Valley State Delta Devils  (15 players)  [532]
  SIU Edwardsville Cougars @ Tennessee Tech Golden Eagles  (18 players)  [533]
  Texas Southern Tigers @ Arkansas-Pine Bluff Golden Lions  (15 players)  [534]
  Cal State Northridge Matadors @ UC Santa Barbara Gauchos  (16 players)  [535]
  South Dakota Coyotes @ Denver Pioneers  (16 players)  [536]
  Montana State Bobcats @ Weber State Wildcats  (16 players)  [537]
  Montana Grizzlies @ Idaho State Bengals  (19 players)  [538]
  Idaho Vandals @ Portland State Vikings  (18 players)  [539]
  Tulane Green Wave @ North Texas Mean Green  (19 players)  [540]
  Alabama A&M Bulldogs @ Florida A&M Rattlers  (14 players)  [541]
  Cal State Bakersfield Roadrunners @ UC Riverside Highlanders  (17 players)  [542]
  UC Davis Aggies @ Cal State Fullerton Titans  (18 players)  [543]
  UC Irvine Anteaters @ Long Beach State Beach  (19 players)  [544]
  Eastern Washington Eagles @ Sacramento State Hornets  (18 players)  [545]
  Cal Poly Mustangs @ Hawai'i Rainbow Warriors  (18 players)  [546]

2026-02-20  (3 new games)
  Indiana Hoosiers @ Purdue Boilermakers  (17 players)  [547]
  VCU Rams @ Saint Louis Billikens  (17 players)  [548]
  Bowling Green Falcons @ Miami (OH) RedHawks  (16 players)  [549]

2026-02-21  (17 new games)
  Michigan Wolverines @ Duke Blue Devils  (17 players)  [550]
  Arizona Wildcats @ Houston Cougars  (16 players)  [551]
  UConn Huskies @ Villanova Wildcats  (18 players)  [552]
  Iowa State Cyclones @ BYU Cougars  (16 players)  [553]
  Cincinnati Bearcats @ Kansas Jayhawks  (15 players)  [554]
  Penn State Nittany Lions @ Nebraska Cornhuskers  (17 players)  [555]
  Illinois Fighting Illini @ UCLA Bruins  (16 players)  [556]
  Pacific Tigers @ Gonzaga Bulldogs  (17 players)  [557]
  Florida Gators @ Ole Miss Rebels  (19 players)  [558]
  Kansas State Wildcats @ Texas Tech Red Raiders  (15 players)  [559]
  Miami Hurricanes @ Virginia Cavaliers  (15 players)  [560]
  North Carolina Tar Heels @ Syracuse Orange  (17 players)  [561]
  Creighton Bluejays @ St. John's Red Storm  (21 players)  [562]
  Tennessee Volunteers @ Vanderbilt Commodores  (16 players)  [563]
  Missouri Tigers @ Arkansas Razorbacks  (15 players)  [564]
  Georgia Tech Yellow Jackets @ Louisville Cardinals  (19 players)  [565]
  Alabama Crimson Tide @ LSU Tigers  (17 players)  [566]

2026-02-22  (2 new games)
  Ohio State Buckeyes @ Michigan State Spartans  (16 players)  [567]
  Iowa Hawkeyes @ Wisconsin Badgers  (16 players)  [568]

2026-02-23  (2 new games)
  Houston Cougars @ Kansas Jayhawks  (16 players)  [569]
  Louisville Cardinals @ North Carolina Tar Heels  (19 players)  [570]

2026-02-24  (10 new games)
  Duke Blue Devils @ Notre Dame Fighting Irish  (20 players)  [571]
  Arizona Wildcats @ Baylor Bears  (14 players)  [572]
  Minnesota Golden Gophers @ Michigan Wolverines  (15 players)  [573]
  Iowa State Cyclones @ Utah Utes  (16 players)  [574]
  NC State Wolfpack @ Virginia Cavaliers  (17 players)  [575]
  Cincinnati Bearcats @ Texas Tech Red Raiders  (16 players)  [576]
  UCF Knights @ BYU Cougars  (19 players)  [577]
  Miami (OH) RedHawks @ Eastern Michigan Eagles  (17 players)  [578]
  Tennessee Volunteers @ Missouri Tigers  (16 players)  [579]
  Saint Louis Billikens @ Dayton Flyers  (16 players)  [580]

2026-02-25  (7 new games)
  St. John's Red Storm @ UConn Huskies  (18 players)  [581]
  Florida Gators @ Texas Longhorns  (16 players)  [582]
  Portland Pilots @ Gonzaga Bulldogs  (20 players)  [583]
  Maryland Terrapins @ Nebraska Cornhuskers  (16 players)  [584]
  Mississippi State Bulldogs @ Alabama Crimson Tide  (19 players)  [585]
  Texas A&M Aggies @ Arkansas Razorbacks  (17 players)  [586]
  Georgia Bulldogs @ Vanderbilt Commodores  (15 players)  [587]

2026-02-26  (1 new games)
  Michigan State Spartans @ Purdue Boilermakers  (16 players)  [588]

2026-02-27  (2 new games)
  Michigan Wolverines @ Illinois Fighting Illini  (17 players)  [589]
  Miami (OH) RedHawks @ Western Michigan Broncos  (15 players)  [590]

2026-02-28  (15 new games)
  Virginia Cavaliers @ Duke Blue Devils  (18 players)  [591]
  Kansas Jayhawks @ Arizona Wildcats  (17 players)  [592]
  Texas Tech Red Raiders @ Iowa State Cyclones  (15 players)  [593]
  Colorado Buffaloes @ Houston Cougars  (17 players)  [594]
  Seton Hall Pirates @ UConn Huskies  (16 players)  [595]
  Arkansas Razorbacks @ Florida Gators  (16 players)  [596]
  Gonzaga Bulldogs @ Saint Mary's Gaels  (14 players)  [597]
  Nebraska Cornhuskers @ USC Trojans  (16 players)  [598]
  Villanova Wildcats @ St. John's Red Storm  (19 players)  [599]
  Alabama Crimson Tide @ Tennessee Volunteers  (18 players)  [600]
  Virginia Tech Hokies @ North Carolina Tar Heels  (16 players)  [601]
  BYU Cougars @ West Virginia Mountaineers  (17 players)  [602]
  Duquesne Dukes @ Saint Louis Billikens  (18 players)  [603]
  Louisville Cardinals @ Clemson Tigers  (19 players)  [604]
  Vanderbilt Commodores @ Kentucky Wildcats  (17 players)  [605]

2026-03-01  (2 new games)
  Purdue Boilermakers @ Ohio State Buckeyes  (17 players)  [606]
  Michigan State Spartans @ Indiana Hoosiers  (16 players)  [607]

2026-03-02  (2 new games)
  Duke Blue Devils @ NC State Wolfpack  (19 players)  [608]
  Iowa State Cyclones @ Arizona Wildcats  (16 players)  [609]

2026-03-03  (12 new games)
  Mississippi State Bulldogs @ Florida Gators  (16 players)  [610]
  Nebraska Cornhuskers @ UCLA Bruins  (16 players)  [611]
  TCU Horned Frogs @ Texas Tech Red Raiders  (14 players)  [612]
  Oregon Ducks @ Illinois Fighting Illini  (17 players)  [613]
  Wake Forest Demon Deacons @ Virginia Cavaliers  (17 players)  [614]
  Kansas Jayhawks @ Arizona State Sun Devils  (15 players)  [615]
  Alabama Crimson Tide @ Georgia Bulldogs  (19 players)  [616]
  Clemson Tigers @ North Carolina Tar Heels  (16 players)  [617]
  Georgetown Hoyas @ St. John's Red Storm  (16 players)  [618]
  Toledo Rockets @ Miami (OH) RedHawks  (16 players)  [619]
  Tennessee Volunteers @ South Carolina Gamecocks  (19 players)  [620]
  Vanderbilt Commodores @ Ole Miss Rebels  (18 players)  [621]

2026-03-04  (5 new games)
  Baylor Bears @ Houston Cougars  (15 players)  [622]
  Purdue Boilermakers @ Northwestern Wildcats  (17 players)  [623]
  Texas Longhorns @ Arkansas Razorbacks  (14 players)  [624]
  Miami Hurricanes @ SMU Mustangs  (14 players)  [625]
  Loyola Chicago Ramblers @ Saint Louis Billikens  (18 players)  [626]

2026-03-05  (2 new games)
  Michigan Wolverines @ Iowa Hawkeyes  (16 players)  [627]
  Rutgers Scarlet Knights @ Michigan State Spartans  (17 players)  [628]

==================================================
  Written : 628
  Failed  : 0
  Output  : data/raw/mens/boxscores
Loading cached game records...
  2026: 1,008 games

Games total    : 1,008
Already cached : 1,008

==================================================
  Written : 0
  Failed  : 0
  Output  : data/raw/mens/boxscores
Loading cached game records...
  2026: 1,008 games

Games total    : 1,008
Already cached : 1,008

==================================================
  Written : 0
  Failed  : 0
  Output  : data/raw/mens/boxscores
Loading cached game records...
  2026: 1,008 games

Games total    : 1,008
Already cached : 1,008

==================================================
  Written : 0
  Failed  : 0
  Output  : data/raw/mens/boxscores
Loading cached game records...
  2026: 1,008 games

Games total    : 1,008
Already cached : 1,008

==================================================
  Written : 0
  Failed  : 0
  Output  : data/raw/mens/boxscores
