Building Elo engine...
Scanning all 360 teams. Interval: 10 min.
Ctrl+C to stop.

[2026-03-06T07:17:21.244193+00:00] scanning all 360 teams (mens)...
  no status changes detected
  sleeping 10 min (game day)...

[2026-03-06T07:30:51.358586+00:00] scanning all 360 teams (mens)...
  no status changes detected
  sleeping 10 min (game day)...

[2026-03-06T07:44:11.093874+00:00] scanning all 360 teams (mens)...
  no status changes detected
  sleeping 10 min (game day)...

[2026-03-06T07:57:39.718952+00:00] scanning all 360 teams (mens)...
  no status changes detected
  sleeping 10 min (game day)...

[2026-03-06T08:10:58.961548+00:00] scanning all 360 teams (mens)...
  no status changes detected
  sleeping 10 min (game day)...

[2026-03-06T08:24:30.094452+00:00] scanning all 360 teams (mens)...
  no status changes detected
  sleeping 10 min (game day)...

[2026-03-06T08:37:58.004828+00:00] scanning all 360 teams (mens)...
  no status changes detected
  sleeping 10 min (game day)...

[2026-03-06T08:51:33.645620+00:00] scanning all 360 teams (mens)...
  no status changes detected
  sleeping 10 min (game day)...

[2026-03-06T09:04:58.974218+00:00] scanning all 360 teams (mens)...
  no status changes detected
  sleeping 10 min (game day)...

[2026-03-06T09:18:25.118159+00:00] scanning all 360 teams (mens)...
  no status changes detected
  sleeping 10 min (game day)...

[2026-03-06T09:31:42.164869+00:00] scanning all 360 teams (mens)...
  no status changes detected
  sleeping 10 min (game day)...

[2026-03-06T09:44:57.413125+00:00] scanning all 360 teams (mens)...
  no status changes detected
  sleeping 10 min (game day)...

[2026-03-06T09:58:18.096632+00:00] scanning all 360 teams (mens)...
  no status changes detected
  sleeping 10 min (game day)...

[2026-03-06T10:11:51.898937+00:00] scanning all 360 teams (mens)...
  no status changes detected
  sleeping 10 min (game day)...

[2026-03-06T10:25:08.689729+00:00] scanning all 360 teams (mens)...
  no status changes detected
  sleeping 10 min (game day)...

[2026-03-06T10:38:21.618907+00:00] scanning all 360 teams (mens)...
  no status changes detected
  sleeping 10 min (game day)...

[2026-03-06T10:51:47.553598+00:00] scanning all 360 teams (mens)...
  no status changes detected
  sleeping 10 min (game day)...

[2026-03-06T11:05:06.694645+00:00] scanning all 360 teams (mens)...
  no status changes detected
  sleeping 10 min (game day)...

[2026-03-06T11:18:19.612972+00:00] scanning all 360 teams (mens)...
  no status changes detected
  sleeping 10 min (game day)...

[2026-03-06T11:31:35.880207+00:00] scanning all 360 teams (mens)...
  no status changes detected
  sleeping 10 min (game day)...

[2026-03-06T11:44:53.028133+00:00] scanning all 360 teams (mens)...
  no status changes detected
  sleeping 10 min (game day)...

[2026-03-06T11:58:07.907626+00:00] scanning all 360 teams (mens)...
  no status changes detected
  sleeping 10 min (game day)...

[2026-03-06T12:11:32.441166+00:00] scanning all 360 teams (mens)...
  no status changes detected
  sleeping 10 min (game day)...

[2026-03-06T12:25:27.168341+00:00] scanning all 360 teams (mens)...
  no status changes detected
  sleeping 10 min (game day)...

[2026-03-06T12:38:36.922843+00:00] scanning all 360 teams (mens)...
  no status changes detected
  sleeping 10 min (game day)...

[2026-03-06T12:51:57.135531+00:00] scanning all 360 teams (mens)...
  no status changes detected
  sleeping 10 min (game day)...

[2026-03-06T13:05:10.562976+00:00] scanning all 360 teams (mens)...
  no status changes detected
  sleeping 10 min (game day)...

[2026-03-06T13:18:15.302355+00:00] scanning all 360 teams (mens)...
  no status changes detected
  sleeping 10 min (game day)...

[2026-03-06T13:31:23.551342+00:00] scanning all 360 teams (mens)...
  no status changes detected
  sleeping 10 min (game day)...

[2026-03-06T13:44:31.444152+00:00] scanning all 360 teams (mens)...
  no status changes detected
  sleeping 10 min (game day)...

[2026-03-06T13:57:35.545183+00:00] scanning all 360 teams (mens)...
  no status changes detected
  sleeping 10 min (game day)...

[2026-03-06T14:11:00.276631+00:00] scanning all 360 teams (mens)...
  no status changes detected
  sleeping 10 min (game day)...

[2026-03-06T14:24:14.258615+00:00] scanning all 360 teams (mens)...
  no status changes detected
  sleeping 10 min (game day)...

[2026-03-06T14:37:22.698396+00:00] scanning all 360 teams (mens)...
  no status changes detected
  sleeping 10 min (game day)...

[2026-03-06T14:50:30.419807+00:00] scanning all 360 teams (mens)...
  no status changes detected
  sleeping 10 min (game day)...

[2026-03-06T15:03:37.032006+00:00] scanning all 360 teams (mens)...
  no status changes detected
  sleeping 10 min (game day)...

[2026-03-06T15:16:55.723107+00:00] scanning all 360 teams (mens)...
  no status changes detected
  sleeping 10 min (game day)...

[2026-03-06T15:30:04.818045+00:00] scanning all 360 teams (mens)...
  no status changes detected
  sleeping 10 min (game day)...

[2026-03-06T15:43:13.027286+00:00] scanning all 360 teams (mens)...
  no status changes detected
  sleeping 10 min (game day)...

[2026-03-06T15:56:22.696998+00:00] scanning all 360 teams (mens)...
  no status changes detected
  sleeping 10 min (game day)...

[2026-03-06T16:09:29.947511+00:00] scanning all 360 teams (mens)...
  no status changes detected
  sleeping 10 min (game day)...

[2026-03-06T16:22:36.970148+00:00] scanning all 360 teams (mens)...
  no status changes detected
  sleeping 10 min (game day)...

[2026-03-06T16:35:44.798309+00:00] scanning all 360 teams (mens)...
  no status changes detected
  sleeping 10 min (game day)...

[2026-03-06T16:48:54.210150+00:00] scanning all 360 teams (mens)...
  no status changes detected
  sleeping 10 min (game day)...

[2026-03-06T17:01:58.113352+00:00] scanning all 360 teams (mens)...
  no status changes detected
  sleeping 10 min (game day)...

[2026-03-06T17:15:16.418180+00:00] scanning all 360 teams (mens)...
  no status changes detected
  sleeping 10 min (game day)...

[2026-03-06T17:28:23.325173+00:00] scanning all 360 teams (mens)...
  no status changes detected
  sleeping 10 min (game day)...

[2026-03-06T17:41:38.243966+00:00] scanning all 360 teams (mens)...
  no status changes detected
  sleeping 10 min (game day)...

[2026-03-06T17:54:52.172796+00:00] scanning all 360 teams (mens)...
  no status changes detected
  sleeping 10 min (game day)...

[2026-03-06T18:08:02.646506+00:00] scanning all 360 teams (mens)...
  no status changes detected
  sleeping 10 min (game day)...

[2026-03-06T18:21:10.377275+00:00] scanning all 360 teams (mens)...
  no status changes detected
  sleeping 10 min (game day)...

[2026-03-06T18:34:22.766443+00:00] scanning all 360 teams (mens)...
  no status changes detected
  sleeping 10 min (game day)...

[2026-03-06T18:47:40.026241+00:00] scanning all 360 teams (mens)...
  no status changes detected
  sleeping 10 min (game day)...

[2026-03-06T19:00:51.014738+00:00] scanning all 360 teams (mens)...
  no status changes detected
  sleeping 10 min (game day)...

[2026-03-06T19:13:59.280329+00:00] scanning all 360 teams (mens)...
  no status changes detected
  sleeping 10 min (game day)...

[2026-03-06T19:27:06.149494+00:00] scanning all 360 teams (mens)...
  no status changes detected
  sleeping 10 min (game day)...

[2026-03-06T19:40:10.862125+00:00] scanning all 360 teams (mens)...
  no status changes detected
  sleeping 10 min (game day)...

[2026-03-06T19:53:25.288989+00:00] scanning all 360 teams (mens)...
  no status changes detected
  sleeping 10 min (game day)...

[2026-03-06T20:06:30.057706+00:00] scanning all 360 teams (mens)...
  no status changes detected
  sleeping 10 min (game day)...

[2026-03-06T20:19:31.467858+00:00] scanning all 360 teams (mens)...
  no status changes detected
  sleeping 10 min (game day)...

[2026-03-06T20:32:34.552618+00:00] scanning all 360 teams (mens)...
  no status changes detected
  sleeping 10 min (game day)...

[2026-03-06T20:45:52.254843+00:00] scanning all 360 teams (mens)...
  no status changes detected
  sleeping 10 min (game day)...

[2026-03-06T20:59:03.541699+00:00] scanning all 360 teams (mens)...
  no status changes detected
  sleeping 10 min (game day)...

[2026-03-06T21:12:03.038396+00:00] scanning all 360 teams (mens)...
  no status changes detected
  sleeping 10 min (game day)...

[2026-03-06T21:25:03.406724+00:00] scanning all 360 teams (mens)...
  no status changes detected
  sleeping 10 min (game day)...

[2026-03-06T21:38:17.941833+00:00] scanning all 360 teams (mens)...
  no status changes detected
  sleeping 10 min (game day)...

[2026-03-06T21:51:16.209788+00:00] scanning all 360 teams (mens)...
  no status changes detected
  sleeping 10 min (game day)...

[2026-03-06T22:04:17.118700+00:00] scanning all 360 teams (mens)...
  no status changes detected
  sleeping 10 min (game day)...

[2026-03-06T22:17:36.190785+00:00] scanning all 360 teams (mens)...
  no status changes detected
  sleeping 10 min (game day)...

[2026-03-06T22:30:55.613632+00:00] scanning all 360 teams (mens)...
  no status changes detected
  sleeping 10 min (game day)...

[2026-03-06T22:44:11.891145+00:00] scanning all 360 teams (mens)...
  no status changes detected
  sleeping 10 min (game day)...

[2026-03-06T22:57:19.806434+00:00] scanning all 360 teams (mens)...
  no status changes detected
  sleeping 10 min (game day)...

[2026-03-06T23:10:25.130375+00:00] scanning all 360 teams (mens)...
  no status changes detected
  sleeping 10 min (game day)...

[2026-03-06T23:23:32.153764+00:00] scanning all 360 teams (mens)...
  no status changes detected
  sleeping 10 min (game day)...

[2026-03-06T23:36:54.983161+00:00] scanning all 360 teams (mens)...
  [injuries] failed to fetch teams: HTTPSConnectionPool(host='site.api.espn.com', port=443): Read timed out. (read timeout=15)
  no status changes detected
  sleeping 10 min (game day)...

[2026-03-06T23:47:10.046724+00:00] scanning all 360 teams (mens)...
  no status changes detected
  sleeping 10 min (game day)...

[2026-03-07T00:00:18.593558+00:00] scanning all 360 teams (mens)...
  no status changes detected
  sleeping 10 min (game day)...

[2026-03-07T00:13:26.683972+00:00] scanning all 360 teams (mens)...
  no status changes detected
  sleeping 10 min (game day)...

[2026-03-07T00:26:35.739083+00:00] scanning all 360 teams (mens)...
  no status changes detected
  sleeping 10 min (game day)...

[2026-03-07T00:39:53.686304+00:00] scanning all 360 teams (mens)...
  no status changes detected
  sleeping 10 min (game day)...

[2026-03-07T00:53:11.527028+00:00] scanning all 360 teams (mens)...
  no status changes detected
  sleeping 10 min (game day)...

[2026-03-07T01:06:22.536947+00:00] scanning all 360 teams (mens)...
  no status changes detected
  sleeping 10 min (game day)...

[2026-03-07T01:19:23.777894+00:00] scanning all 360 teams (mens)...
  no status changes detected
  sleeping 10 min (game day)...

[2026-03-07T01:32:23.470633+00:00] scanning all 360 teams (mens)...
  no status changes detected
  sleeping 10 min (game day)...

[2026-03-07T01:45:29.985116+00:00] scanning all 360 teams (mens)...
  no status changes detected
  sleeping 10 min (game day)...

[2026-03-07T01:58:51.421860+00:00] scanning all 360 teams (mens)...
  no status changes detected
  sleeping 10 min (game day)...

[2026-03-07T02:11:58.293624+00:00] scanning all 360 teams (mens)...
  no status changes detected
  sleeping 10 min (game day)...

[2026-03-07T02:25:09.524047+00:00] scanning all 360 teams (mens)...
  no status changes detected
  sleeping 10 min (game day)...

[2026-03-07T02:38:27.821999+00:00] scanning all 360 teams (mens)...
  no status changes detected
  sleeping 10 min (game day)...

[2026-03-07T02:51:33.519556+00:00] scanning all 360 teams (mens)...
  no status changes detected
  sleeping 10 min (game day)...

[2026-03-07T03:04:31.261998+00:00] scanning all 360 teams (mens)...
  no status changes detected
  sleeping 10 min (game day)...

[2026-03-07T03:17:41.439948+00:00] scanning all 360 teams (mens)...
  no status changes detected
  sleeping 10 min (game day)...

[2026-03-07T03:30:38.569314+00:00] scanning all 360 teams (mens)...
  no status changes detected
  sleeping 10 min (game day)...

[2026-03-07T03:44:05.879233+00:00] scanning all 360 teams (mens)...
  no status changes detected
  sleeping 10 min (game day)...

[2026-03-07T03:57:16.232835+00:00] scanning all 360 teams (mens)...
  no status changes detected
  sleeping 10 min (game day)...

[2026-03-07T04:10:38.846343+00:00] scanning all 360 teams (mens)...
  no status changes detected
  sleeping 10 min (game day)...

[2026-03-07T04:23:40.566046+00:00] scanning all 360 teams (mens)...
  no status changes detected
  sleeping 10 min (game day)...

[2026-03-07T04:36:43.076794+00:00] scanning all 360 teams (mens)...
  no status changes detected
  sleeping 10 min (game day)...

[2026-03-07T04:49:49.268871+00:00] scanning all 360 teams (mens)...
  no status changes detected
  sleeping 10 min (game day)...

[2026-03-07T05:03:02.521060+00:00] scanning all 360 teams (mens)...
  no status changes detected
  sleeping 10 min (game day)...

[2026-03-07T05:16:08.033616+00:00] scanning all 360 teams (mens)...
  no status changes detected
  sleeping 10 min (game day)...

[2026-03-07T05:29:14.418995+00:00] scanning all 360 teams (mens)...
  no status changes detected
  sleeping 10 min (game day)...

[2026-03-07T05:42:35.298294+00:00] scanning all 360 teams (mens)...
  no status changes detected
  sleeping 10 min (game day)...

[2026-03-07T05:55:53.352708+00:00] scanning all 360 teams (mens)...
  no status changes detected
  sleeping 10 min (game day)...

[2026-03-07T06:09:09.579481+00:00] scanning all 360 teams (mens)...
  no status changes detected
  sleeping 10 min (game day)...

[2026-03-07T06:22:27.994631+00:00] scanning all 360 teams (mens)...
  no status changes detected
  sleeping 10 min (game day)...

[2026-03-07T06:35:50.514516+00:00] scanning all 360 teams (mens)...
  no status changes detected
  sleeping 10 min (game day)...

[2026-03-07T06:49:34.124730+00:00] scanning all 360 teams (mens)...
  no status changes detected
  sleeping 10 min (game day)...

[2026-03-07T07:03:11.076877+00:00] scanning all 360 teams (mens)...
  no status changes detected
  sleeping 10 min (game day)...

[2026-03-07T07:16:39.964556+00:00] scanning all 360 teams (mens)...
  no status changes detected
  sleeping 10 min (game day)...

[2026-03-07T07:30:10.445785+00:00] scanning all 360 teams (mens)...
  no status changes detected
  sleeping 10 min (game day)...

[2026-03-07T07:43:50.799558+00:00] scanning all 360 teams (mens)...
  no status changes detected
  sleeping 10 min (game day)...

[2026-03-07T07:57:24.863775+00:00] scanning all 360 teams (mens)...
  no status changes detected
  sleeping 10 min (game day)...

[2026-03-07T08:11:01.304267+00:00] scanning all 360 teams (mens)...
  no status changes detected
  sleeping 10 min (game day)...

[2026-03-07T08:24:30.370828+00:00] scanning all 360 teams (mens)...
  no status changes detected
  sleeping 10 min (game day)...

[2026-03-07T08:38:02.919947+00:00] scanning all 360 teams (mens)...
  no status changes detected
  sleeping 10 min (game day)...

[2026-03-07T08:51:29.532726+00:00] scanning all 360 teams (mens)...
  no status changes detected
  sleeping 10 min (game day)...

[2026-03-07T09:04:53.380179+00:00] scanning all 360 teams (mens)...
  no status changes detected
  sleeping 10 min (game day)...

[2026-03-07T09:18:21.671371+00:00] scanning all 360 teams (mens)...
  no status changes detected
  sleeping 10 min (game day)...

[2026-03-07T09:31:49.792313+00:00] scanning all 360 teams (mens)...
  no status changes detected
  sleeping 10 min (game day)...

[2026-03-07T09:45:15.674067+00:00] scanning all 360 teams (mens)...
  no status changes detected
  sleeping 10 min (game day)...

[2026-03-07T09:58:46.627870+00:00] scanning all 360 teams (mens)...
  no status changes detected
  sleeping 10 min (game day)...

[2026-03-07T10:12:12.580825+00:00] scanning all 360 teams (mens)...
  no status changes detected
  sleeping 10 min (game day)...

[2026-03-07T10:25:37.451369+00:00] scanning all 360 teams (mens)...
  no status changes detected
  sleeping 10 min (game day)...

[2026-03-07T10:38:56.790405+00:00] scanning all 360 teams (mens)...
  no status changes detected
  sleeping 10 min (game day)...

[2026-03-07T10:52:25.445783+00:00] scanning all 360 teams (mens)...
  no status changes detected
  sleeping 10 min (game day)...

[2026-03-07T11:05:52.408399+00:00] scanning all 360 teams (mens)...
  no status changes detected
  sleeping 10 min (game day)...

[2026-03-07T11:19:13.034233+00:00] scanning all 360 teams (mens)...
  no status changes detected
  sleeping 10 min (game day)...

[2026-03-07T11:32:39.548710+00:00] scanning all 360 teams (mens)...
  no status changes detected
  sleeping 10 min (game day)...

[2026-03-07T11:46:12.196188+00:00] scanning all 360 teams (mens)...
  no status changes detected
  sleeping 10 min (game day)...

[2026-03-07T11:59:33.791029+00:00] scanning all 360 teams (mens)...
  no status changes detected
  sleeping 10 min (game day)...

[2026-03-07T12:12:56.513348+00:00] scanning all 360 teams (mens)...
  no status changes detected
  sleeping 10 min (game day)...

[2026-03-07T12:26:29.486284+00:00] scanning all 360 teams (mens)...
  no status changes detected
  sleeping 10 min (game day)...

[2026-03-07T12:39:48.814435+00:00] scanning all 360 teams (mens)...
  no status changes detected
  sleeping 10 min (game day)...

[2026-03-07T12:53:09.178426+00:00] scanning all 360 teams (mens)...
  no status changes detected
  sleeping 10 min (game day)...

[2026-03-07T13:06:29.435306+00:00] scanning all 360 teams (mens)...
  no status changes detected
  sleeping 10 min (game day)...

[2026-03-07T13:20:05.780473+00:00] scanning all 360 teams (mens)...
  no status changes detected
  sleeping 10 min (game day)...

[2026-03-07T13:33:37.660483+00:00] scanning all 360 teams (mens)...
  no status changes detected
  sleeping 10 min (game day)...

[2026-03-07T13:46:50.694587+00:00] scanning all 360 teams (mens)...
  no status changes detected
  sleeping 10 min (game day)...

[2026-03-07T14:00:06.777960+00:00] scanning all 360 teams (mens)...
  no status changes detected
  sleeping 10 min (game day)...

[2026-03-07T14:13:32.621502+00:00] scanning all 360 teams (mens)...
  no status changes detected
  sleeping 10 min (game day)...

[2026-03-07T14:26:46.072880+00:00] scanning all 360 teams (mens)...
  no status changes detected
  sleeping 10 min (game day)...

[2026-03-07T14:39:59.427164+00:00] scanning all 360 teams (mens)...
  no status changes detected
  sleeping 10 min (game day)...

[2026-03-07T14:53:08.932483+00:00] scanning all 360 teams (mens)...
  no status changes detected
  sleeping 10 min (game day)...

[2026-03-07T15:06:20.777757+00:00] scanning all 360 teams (mens)...
  no status changes detected
  sleeping 10 min (game day)...

[2026-03-07T15:19:41.826502+00:00] scanning all 360 teams (mens)...
  no status changes detected
  sleeping 10 min (game day)...

[2026-03-07T15:32:58.909537+00:00] scanning all 360 teams (mens)...
  no status changes detected
  sleeping 10 min (game day)...

[2026-03-07T15:46:08.654508+00:00] scanning all 360 teams (mens)...
  no status changes detected
  sleeping 10 min (game day)...

[2026-03-07T15:59:23.668559+00:00] scanning all 360 teams (mens)...
  no status changes detected
  sleeping 10 min (game day)...

[2026-03-07T16:12:45.421457+00:00] scanning all 360 teams (mens)...
  no status changes detected
  sleeping 10 min (game day)...

[2026-03-07T16:25:54.407720+00:00] scanning all 360 teams (mens)...
  no status changes detected
  sleeping 10 min (game day)...

[2026-03-07T16:38:58.974274+00:00] scanning all 360 teams (mens)...
  no status changes detected
  sleeping 10 min (game day)...

[2026-03-07T16:52:10.013932+00:00] scanning all 360 teams (mens)...
  no status changes detected
  sleeping 10 min (game day)...

[2026-03-07T17:05:20.678245+00:00] scanning all 360 teams (mens)...
  no status changes detected
  sleeping 10 min (game day)...

[2026-03-07T17:18:26.787707+00:00] scanning all 360 teams (mens)...
  no status changes detected
  sleeping 10 min (game day)...

[2026-03-07T17:31:32.319933+00:00] scanning all 360 teams (mens)...
  no status changes detected
  sleeping 10 min (game day)...

[2026-03-07T17:44:36.149210+00:00] scanning all 360 teams (mens)...
  no status changes detected
  sleeping 10 min (game day)...

[2026-03-07T17:57:39.403402+00:00] scanning all 360 teams (mens)...
  no status changes detected
  sleeping 10 min (game day)...

[2026-03-07T18:10:40.853877+00:00] scanning all 360 teams (mens)...
  no status changes detected
  sleeping 10 min (game day)...

[2026-03-07T18:23:42.249833+00:00] scanning all 360 teams (mens)...
  no status changes detected
  sleeping 10 min (game day)...

[2026-03-07T18:36:45.029868+00:00] scanning all 360 teams (mens)...
  no status changes detected
  sleeping 10 min (game day)...

[2026-03-07T18:49:55.069610+00:00] scanning all 360 teams (mens)...
  no status changes detected
  sleeping 10 min (game day)...

[2026-03-07T19:02:58.965500+00:00] scanning all 360 teams (mens)...
  no status changes detected
  sleeping 10 min (game day)...

[2026-03-07T19:15:58.582901+00:00] scanning all 360 teams (mens)...
  no status changes detected
  sleeping 10 min (game day)...

[2026-03-07T19:29:00.931980+00:00] scanning all 360 teams (mens)...
  no status changes detected
  sleeping 10 min (game day)...

[2026-03-07T19:42:13.820422+00:00] scanning all 360 teams (mens)...
  no status changes detected
  sleeping 10 min (game day)...

[2026-03-07T19:55:15.261024+00:00] scanning all 360 teams (mens)...
  no status changes detected
  sleeping 10 min (game day)...

[2026-03-07T20:08:15.269906+00:00] scanning all 360 teams (mens)...
  no status changes detected
  sleeping 10 min (game day)...

[2026-03-07T20:21:15.992032+00:00] scanning all 360 teams (mens)...
  no status changes detected
  sleeping 10 min (game day)...

[2026-03-07T20:34:15.311604+00:00] scanning all 360 teams (mens)...
  no status changes detected
  sleeping 10 min (game day)...

[2026-03-07T20:47:15.828635+00:00] scanning all 360 teams (mens)...
  no status changes detected
  sleeping 10 min (game day)...

[2026-03-07T21:00:17.448610+00:00] scanning all 360 teams (mens)...
  no status changes detected
  sleeping 10 min (game day)...

[2026-03-07T21:13:15.630585+00:00] scanning all 360 teams (mens)...
  no status changes detected
  sleeping 10 min (game day)...

[2026-03-07T21:26:15.793727+00:00] scanning all 360 teams (mens)...
  no status changes detected
  sleeping 10 min (game day)...

[2026-03-07T21:39:13.567002+00:00] scanning all 360 teams (mens)...
  no status changes detected
  sleeping 10 min (game day)...

[2026-03-07T21:52:23.145591+00:00] scanning all 360 teams (mens)...
  no status changes detected
  sleeping 10 min (game day)...

[2026-03-07T22:05:21.833975+00:00] scanning all 360 teams (mens)...
  no status changes detected
  sleeping 10 min (game day)...

[2026-03-07T22:18:25.662368+00:00] scanning all 360 teams (mens)...
  no status changes detected
  sleeping 10 min (game day)...

[2026-03-07T22:31:28.882981+00:00] scanning all 360 teams (mens)...
  no status changes detected
  sleeping 10 min (game day)...

[2026-03-07T22:44:32.053162+00:00] scanning all 360 teams (mens)...
  no status changes detected
  sleeping 10 min (game day)...

[2026-03-07T22:57:42.800141+00:00] scanning all 360 teams (mens)...
  no status changes detected
  sleeping 10 min (game day)...

[2026-03-07T23:10:57.676336+00:00] scanning all 360 teams (mens)...
  no status changes detected
  sleeping 10 min (game day)...

[2026-03-07T23:24:11.381637+00:00] scanning all 360 teams (mens)...
  no status changes detected
  sleeping 10 min (game day)...

[2026-03-07T23:37:20.462695+00:00] scanning all 360 teams (mens)...
  no status changes detected
  sleeping 10 min (game day)...

[2026-03-07T23:50:29.832624+00:00] scanning all 360 teams (mens)...
  no status changes detected
  sleeping 10 min (game day)...

[2026-03-08T00:03:40.528830+00:00] scanning all 360 teams (mens)...
  no status changes detected
  sleeping 10 min (game day)...

[2026-03-08T00:16:51.512726+00:00] scanning all 360 teams (mens)...
  no status changes detected
  sleeping 10 min (game day)...

[2026-03-08T00:30:02.121174+00:00] scanning all 360 teams (mens)...
  no status changes detected
  sleeping 10 min (game day)...

[2026-03-08T00:43:17.448994+00:00] scanning all 360 teams (mens)...
  no status changes detected
  sleeping 10 min (game day)...

[2026-03-08T00:56:28.061724+00:00] scanning all 360 teams (mens)...
  no status changes detected
  sleeping 10 min (game day)...

[2026-03-08T01:09:36.677213+00:00] scanning all 360 teams (mens)...
  no status changes detected
  sleeping 10 min (game day)...

[2026-03-08T01:22:49.974774+00:00] scanning all 360 teams (mens)...
  no status changes detected
  sleeping 10 min (game day)...

[2026-03-08T01:36:07.371829+00:00] scanning all 360 teams (mens)...
  no status changes detected
  sleeping 10 min (game day)...

[2026-03-08T01:49:34.855347+00:00] scanning all 360 teams (mens)...
  no status changes detected
  sleeping 10 min (game day)...

[2026-03-08T02:02:43.791974+00:00] scanning all 360 teams (mens)...
  no status changes detected
  sleeping 10 min (game day)...

[2026-03-08T02:15:50.022529+00:00] scanning all 360 teams (mens)...
  no status changes detected
  sleeping 10 min (game day)...

[2026-03-08T02:29:36.909390+00:00] scanning all 360 teams (mens)...
  no status changes detected
  sleeping 10 min (game day)...

[2026-03-08T02:43:08.616395+00:00] scanning all 360 teams (mens)...
  no status changes detected
  sleeping 10 min (game day)...

[2026-03-08T02:56:44.262334+00:00] scanning all 360 teams (mens)...
  no status changes detected
  sleeping 10 min (game day)...

[2026-03-08T03:10:03.510559+00:00] scanning all 360 teams (mens)...
  no status changes detected
  sleeping 10 min (game day)...

[2026-03-08T03:23:41.891453+00:00] scanning all 360 teams (mens)...
  no status changes detected
  sleeping 10 min (game day)...

[2026-03-08T03:37:11.748386+00:00] scanning all 360 teams (mens)...
  no status changes detected
  sleeping 10 min (game day)...

[2026-03-08T03:50:39.488274+00:00] scanning all 360 teams (mens)...
  no status changes detected
  sleeping 10 min (game day)...

[2026-03-08T04:04:03.385623+00:00] scanning all 360 teams (mens)...
  no status changes detected
  sleeping 10 min (game day)...

[2026-03-08T04:17:44.215533+00:00] scanning all 360 teams (mens)...
  no status changes detected
  sleeping 10 min (game day)...

[2026-03-08T04:31:13.227656+00:00] scanning all 360 teams (mens)...
  no status changes detected
  sleeping 10 min (game day)...

[2026-03-08T04:44:33.394341+00:00] scanning all 360 teams (mens)...
  no status changes detected
  sleeping 10 min (game day)...

[2026-03-08T04:57:50.437500+00:00] scanning all 360 teams (mens)...
  no status changes detected
  sleeping 10 min (game day)...

[2026-03-08T05:11:20.244858+00:00] scanning all 360 teams (mens)...
  no status changes detected
  sleeping 10 min (game day)...

[2026-03-08T05:24:37.900571+00:00] scanning all 360 teams (mens)...
  no status changes detected
  sleeping 10 min (game day)...

[2026-03-08T05:37:58.089514+00:00] scanning all 360 teams (mens)...
  no status changes detected
  sleeping 10 min (game day)...

[2026-03-08T05:51:14.685262+00:00] scanning all 360 teams (mens)...
  no status changes detected
  sleeping 10 min (game day)...

[2026-03-08T06:04:35.305609+00:00] scanning all 360 teams (mens)...
  no status changes detected
  sleeping 10 min (game day)...

[2026-03-08T06:18:07.066628+00:00] scanning all 360 teams (mens)...
  no status changes detected
  sleeping 10 min (game day)...

[2026-03-08T06:31:37.845616+00:00] scanning all 360 teams (mens)...
  no status changes detected
  sleeping 10 min (game day)...

[2026-03-08T06:45:00.357987+00:00] scanning all 360 teams (mens)...
  no status changes detected
  sleeping 10 min (game day)...

[2026-03-08T06:58:27.899195+00:00] scanning all 360 teams (mens)...
  no status changes detected
  sleeping 10 min (game day)...

[2026-03-08T07:12:02.083017+00:00] scanning all 360 teams (mens)...
  no status changes detected
  sleeping 10 min (game day)...

[2026-03-08T07:25:35.970355+00:00] scanning all 360 teams (mens)...
  no status changes detected
  sleeping 10 min (game day)...

[2026-03-08T07:39:08.086264+00:00] scanning all 360 teams (mens)...
  no status changes detected
  sleeping 10 min (game day)...

[2026-03-08T07:52:49.257341+00:00] scanning all 360 teams (mens)...
  no status changes detected
  sleeping 10 min (game day)...

[2026-03-08T08:06:28.537827+00:00] scanning all 360 teams (mens)...
  no status changes detected
  sleeping 10 min (game day)...

[2026-03-08T08:19:56.503257+00:00] scanning all 360 teams (mens)...
  no status changes detected
  sleeping 10 min (game day)...

[2026-03-08T08:33:30.301477+00:00] scanning all 360 teams (mens)...
  no status changes detected
  sleeping 10 min (game day)...

[2026-03-08T08:47:01.194930+00:00] scanning all 360 teams (mens)...
  no status changes detected
  sleeping 10 min (game day)...

[2026-03-08T09:00:33.951542+00:00] scanning all 360 teams (mens)...
  no status changes detected
  sleeping 10 min (game day)...

[2026-03-08T09:14:04.246272+00:00] scanning all 360 teams (mens)...
  no status changes detected
  sleeping 10 min (game day)...

[2026-03-08T09:27:48.058440+00:00] scanning all 360 teams (mens)...
  no status changes detected
  sleeping 10 min (game day)...

[2026-03-08T09:41:24.395784+00:00] scanning all 360 teams (mens)...
  no status changes detected
  sleeping 10 min (game day)...

[2026-03-08T09:55:16.089968+00:00] scanning all 360 teams (mens)...
  no status changes detected
  sleeping 10 min (game day)...

[2026-03-08T10:08:48.232136+00:00] scanning all 360 teams (mens)...
  no status changes detected
  sleeping 10 min (game day)...

[2026-03-08T10:22:20.064377+00:00] scanning all 360 teams (mens)...
  no status changes detected
  sleeping 10 min (game day)...

[2026-03-08T10:36:13.973029+00:00] scanning all 360 teams (mens)...
  no status changes detected
  sleeping 10 min (game day)...

[2026-03-08T10:49:41.434921+00:00] scanning all 360 teams (mens)...
  no status changes detected
  sleeping 10 min (game day)...

[2026-03-08T11:03:09.080850+00:00] scanning all 360 teams (mens)...
  no status changes detected
  sleeping 10 min (game day)...

[2026-03-08T11:16:34.301467+00:00] scanning all 360 teams (mens)...
  no status changes detected
  sleeping 10 min (game day)...

[2026-03-08T11:30:01.382436+00:00] scanning all 360 teams (mens)...
  no status changes detected
  sleeping 10 min (game day)...

[2026-03-08T11:43:32.635267+00:00] scanning all 360 teams (mens)...
  no status changes detected
  sleeping 10 min (game day)...

[2026-03-08T11:56:59.107426+00:00] scanning all 360 teams (mens)...
  no status changes detected
  sleeping 10 min (game day)...

[2026-03-08T12:10:26.329927+00:00] scanning all 360 teams (mens)...
  no status changes detected
  sleeping 10 min (game day)...

[2026-03-08T12:24:01.447709+00:00] scanning all 360 teams (mens)...
  no status changes detected
  sleeping 10 min (game day)...

[2026-03-08T12:37:32.614357+00:00] scanning all 360 teams (mens)...
  no status changes detected
  sleeping 10 min (game day)...

[2026-03-08T12:50:58.249984+00:00] scanning all 360 teams (mens)...
  no status changes detected
  sleeping 10 min (game day)...

[2026-03-08T13:04:28.928925+00:00] scanning all 360 teams (mens)...
  no status changes detected
  sleeping 10 min (game day)...

[2026-03-08T13:17:53.030690+00:00] scanning all 360 teams (mens)...
  no status changes detected
  sleeping 10 min (game day)...

[2026-03-08T13:31:15.051423+00:00] scanning all 360 teams (mens)...
  no status changes detected
  sleeping 10 min (game day)...

[2026-03-08T13:44:36.935047+00:00] scanning all 360 teams (mens)...
  no status changes detected
  sleeping 10 min (game day)...

[2026-03-08T13:57:58.809245+00:00] scanning all 360 teams (mens)...
  no status changes detected
  sleeping 10 min (game day)...

[2026-03-08T14:11:26.901373+00:00] scanning all 360 teams (mens)...
  no status changes detected
  sleeping 10 min (game day)...

[2026-03-08T14:24:43.789230+00:00] scanning all 360 teams (mens)...
  no status changes detected
  sleeping 10 min (game day)...

[2026-03-08T14:38:18.026356+00:00] scanning all 360 teams (mens)...
  no status changes detected
  sleeping 10 min (game day)...

[2026-03-08T14:51:31.223738+00:00] scanning all 360 teams (mens)...
  no status changes detected
  sleeping 10 min (game day)...

[2026-03-08T15:04:53.745247+00:00] scanning all 360 teams (mens)...
  no status changes detected
  sleeping 10 min (game day)...

[2026-03-08T15:18:13.072108+00:00] scanning all 360 teams (mens)...
  no status changes detected
  sleeping 10 min (game day)...

[2026-03-08T15:31:32.588152+00:00] scanning all 360 teams (mens)...
  no status changes detected
  sleeping 10 min (game day)...

[2026-03-08T15:44:50.115103+00:00] scanning all 360 teams (mens)...
  no status changes detected
  sleeping 10 min (game day)...

[2026-03-08T15:58:03.633398+00:00] scanning all 360 teams (mens)...
  no status changes detected
  sleeping 10 min (game day)...

[2026-03-08T16:11:20.502978+00:00] scanning all 360 teams (mens)...
  no status changes detected
  sleeping 10 min (game day)...

[2026-03-08T16:24:43.531346+00:00] scanning all 360 teams (mens)...
  no status changes detected
  sleeping 10 min (game day)...

[2026-03-08T16:38:07.070725+00:00] scanning all 360 teams (mens)...
  no status changes detected
  sleeping 10 min (game day)...

[2026-03-08T16:51:28.764648+00:00] scanning all 360 teams (mens)...
  no status changes detected
  sleeping 10 min (game day)...

[2026-03-08T17:04:46.981627+00:00] scanning all 360 teams (mens)...
  no status changes detected
  sleeping 10 min (game day)...

[2026-03-08T17:17:58.269401+00:00] scanning all 360 teams (mens)...
  no status changes detected
  sleeping 10 min (game day)...

[2026-03-08T17:31:11.622544+00:00] scanning all 360 teams (mens)...
  no status changes detected
  sleeping 10 min (game day)...

[2026-03-08T17:44:30.491455+00:00] scanning all 360 teams (mens)...
  no status changes detected
  sleeping 10 min (game day)...

[2026-03-08T17:57:47.934567+00:00] scanning all 360 teams (mens)...
  no status changes detected
  sleeping 10 min (game day)...

[2026-03-08T18:11:00.124418+00:00] scanning all 360 teams (mens)...
  no status changes detected
  sleeping 10 min (game day)...

[2026-03-08T18:24:09.866825+00:00] scanning all 360 teams (mens)...
  no status changes detected
  sleeping 10 min (game day)...

[2026-03-08T18:37:11.959843+00:00] scanning all 360 teams (mens)...
  no status changes detected
  sleeping 10 min (game day)...

[2026-03-08T18:50:14.441385+00:00] scanning all 360 teams (mens)...
  no status changes detected
  sleeping 10 min (game day)...

[2026-03-08T19:03:16.719024+00:00] scanning all 360 teams (mens)...
  no status changes detected
  sleeping 10 min (game day)...

[2026-03-08T19:16:20.644691+00:00] scanning all 360 teams (mens)...
  no status changes detected
  sleeping 10 min (game day)...

[2026-03-08T19:29:25.837741+00:00] scanning all 360 teams (mens)...
  no status changes detected
  sleeping 10 min (game day)...

[2026-03-08T19:42:28.936226+00:00] scanning all 360 teams (mens)...
  no status changes detected
  sleeping 10 min (game day)...

[2026-03-08T19:55:32.853209+00:00] scanning all 360 teams (mens)...
  no status changes detected
  sleeping 10 min (game day)...

[2026-03-08T20:08:36.511397+00:00] scanning all 360 teams (mens)...
  no status changes detected
  sleeping 10 min (game day)...

[2026-03-08T20:21:38.816887+00:00] scanning all 360 teams (mens)...
  no status changes detected
  sleeping 10 min (game day)...

[2026-03-08T20:34:41.908806+00:00] scanning all 360 teams (mens)...
  no status changes detected
  sleeping 10 min (game day)...

[2026-03-08T20:47:43.469642+00:00] scanning all 360 teams (mens)...
  no status changes detected
  sleeping 10 min (game day)...

[2026-03-08T21:00:46.159196+00:00] scanning all 360 teams (mens)...
  no status changes detected
  sleeping 10 min (game day)...

[2026-03-08T21:13:51.876031+00:00] scanning all 360 teams (mens)...
  no status changes detected
  sleeping 10 min (game day)...

[2026-03-08T21:27:09.578972+00:00] scanning all 360 teams (mens)...
  no status changes detected
  sleeping 10 min (game day)...

[2026-03-08T21:40:07.148729+00:00] scanning all 360 teams (mens)...
  no status changes detected
  sleeping 10 min (game day)...

[2026-03-08T21:53:06.954878+00:00] scanning all 360 teams (mens)...
  no status changes detected
  sleeping 10 min (game day)...

[2026-03-08T22:06:11.473615+00:00] scanning all 360 teams (mens)...
  no status changes detected
  sleeping 10 min (game day)...

[2026-03-08T22:19:14.878967+00:00] scanning all 360 teams (mens)...
  no status changes detected
  sleeping 10 min (game day)...

[2026-03-08T22:32:16.389879+00:00] scanning all 360 teams (mens)...
  no status changes detected
  sleeping 10 min (game day)...

[2026-03-08T22:45:29.136654+00:00] scanning all 360 teams (mens)...
  no status changes detected
  sleeping 10 min (game day)...

[2026-03-08T22:58:35.935974+00:00] scanning all 360 teams (mens)...
  no status changes detected
  sleeping 10 min (game day)...

[2026-03-08T23:11:39.915079+00:00] scanning all 360 teams (mens)...
  no status changes detected
  sleeping 10 min (game day)...

[2026-03-08T23:24:44.090542+00:00] scanning all 360 teams (mens)...
  no status changes detected
  sleeping 10 min (game day)...

[2026-03-08T23:37:50.208474+00:00] scanning all 360 teams (mens)...
  no status changes detected
  sleeping 10 min (game day)...

[2026-03-08T23:50:56.382530+00:00] scanning all 360 teams (mens)...
  no status changes detected
  sleeping 10 min (game day)...

[2026-03-09T00:03:58.755246+00:00] scanning all 360 teams (mens)...
  no status changes detected
  sleeping 10 min (game day)...

[2026-03-09T00:17:08.345416+00:00] scanning all 360 teams (mens)...
  no status changes detected
  sleeping 10 min (game day)...

[2026-03-09T00:30:28.795630+00:00] scanning all 360 teams (mens)...
  no status changes detected
  sleeping 10 min (game day)...

[2026-03-09T00:43:41.183436+00:00] scanning all 360 teams (mens)...
  no status changes detected
  sleeping 10 min (game day)...

[2026-03-09T00:56:52.508716+00:00] scanning all 360 teams (mens)...
  no status changes detected
  sleeping 10 min (game day)...

[2026-03-09T01:09:58.702962+00:00] scanning all 360 teams (mens)...
  no status changes detected
  sleeping 10 min (game day)...

[2026-03-09T01:23:14.894229+00:00] scanning all 360 teams (mens)...
  no status changes detected
  sleeping 10 min (game day)...

[2026-03-09T01:36:42.790437+00:00] scanning all 360 teams (mens)...
  no status changes detected
  sleeping 10 min (game day)...

[2026-03-09T01:49:49.744708+00:00] scanning all 360 teams (mens)...
  no status changes detected
  sleeping 10 min (game day)...

[2026-03-09T02:03:12.856727+00:00] scanning all 360 teams (mens)...
  no status changes detected
  sleeping 10 min (game day)...

[2026-03-09T02:16:22.878143+00:00] scanning all 360 teams (mens)...
  no status changes detected
  sleeping 10 min (game day)...

[2026-03-09T02:29:33.870979+00:00] scanning all 360 teams (mens)...
  no status changes detected
  sleeping 10 min (game day)...

[2026-03-09T02:43:11.246598+00:00] scanning all 360 teams (mens)...
  no status changes detected
  sleeping 10 min (game day)...

[2026-03-09T02:56:19.687820+00:00] scanning all 360 teams (mens)...
  no status changes detected
  sleeping 10 min (game day)...

[2026-03-09T03:09:33.659461+00:00] scanning all 360 teams (mens)...
  no status changes detected
  sleeping 10 min (game day)...

[2026-03-09T03:22:57.528251+00:00] scanning all 360 teams (mens)...
  no status changes detected
  sleeping 10 min (game day)...

[2026-03-09T03:36:35.820469+00:00] scanning all 360 teams (mens)...
  no status changes detected
  sleeping 10 min (game day)...

[2026-03-09T03:50:08.614246+00:00] scanning all 360 teams (mens)...
  no status changes detected
  sleeping 10 min (game day)...

[2026-03-09T04:03:49.412857+00:00] scanning all 360 teams (mens)...
  no status changes detected
  sleeping 10 min (game day)...

[2026-03-09T04:17:24.216879+00:00] scanning all 360 teams (mens)...
  no status changes detected
  sleeping 10 min (game day)...

[2026-03-09T04:30:54.994257+00:00] scanning all 360 teams (mens)...
  no status changes detected
  sleeping 10 min (game day)...

[2026-03-09T04:44:14.823846+00:00] scanning all 360 teams (mens)...
  no status changes detected
  sleeping 10 min (game day)...

[2026-03-09T04:57:37.682216+00:00] scanning all 360 teams (mens)...
  no status changes detected
  sleeping 10 min (game day)...

[2026-03-09T05:11:09.215271+00:00] scanning all 360 teams (mens)...
  no status changes detected
  sleeping 10 min (game day)...

[2026-03-09T05:24:33.758854+00:00] scanning all 360 teams (mens)...
  no status changes detected
  sleeping 10 min (game day)...

[2026-03-09T05:38:19.745994+00:00] scanning all 360 teams (mens)...
  no status changes detected
  sleeping 10 min (game day)...

[2026-03-09T05:52:14.148399+00:00] scanning all 360 teams (mens)...
  no status changes detected
  sleeping 10 min (game day)...

[2026-03-09T06:05:57.573864+00:00] scanning all 360 teams (mens)...
  no status changes detected
  sleeping 10 min (game day)...

[2026-03-09T06:19:41.532467+00:00] scanning all 360 teams (mens)...
  no status changes detected
  sleeping 10 min (game day)...

[2026-03-09T06:33:17.358165+00:00] scanning all 360 teams (mens)...
  no status changes detected
  sleeping 10 min (game day)...

[2026-03-09T06:46:44.636985+00:00] scanning all 360 teams (mens)...
  no status changes detected
  sleeping 10 min (game day)...

[2026-03-09T07:00:24.556734+00:00] scanning all 360 teams (mens)...
  no status changes detected
  sleeping 10 min (game day)...

[2026-03-09T07:14:07.701446+00:00] scanning all 360 teams (mens)...
  no status changes detected
  sleeping 10 min (game day)...

[2026-03-09T07:27:41.318803+00:00] scanning all 360 teams (mens)...
  no status changes detected
  sleeping 10 min (game day)...

[2026-03-09T07:41:19.150317+00:00] scanning all 360 teams (mens)...
  no status changes detected
  sleeping 10 min (game day)...

[2026-03-09T07:54:50.541382+00:00] scanning all 360 teams (mens)...
  no status changes detected
  sleeping 10 min (game day)...

[2026-03-09T08:08:27.423984+00:00] scanning all 360 teams (mens)...
  no status changes detected
  sleeping 10 min (game day)...

[2026-03-09T08:22:02.739388+00:00] scanning all 360 teams (mens)...
  no status changes detected
  sleeping 10 min (game day)...

[2026-03-09T08:35:46.928081+00:00] scanning all 360 teams (mens)...
  no status changes detected
  sleeping 10 min (game day)...

[2026-03-09T08:49:29.856772+00:00] scanning all 360 teams (mens)...
  no status changes detected
  sleeping 10 min (game day)...

[2026-03-09T09:03:06.704273+00:00] scanning all 360 teams (mens)...
  no status changes detected
  sleeping 10 min (game day)...

[2026-03-09T09:16:42.940282+00:00] scanning all 360 teams (mens)...
  no status changes detected
  sleeping 10 min (game day)...

[2026-03-09T09:30:22.065498+00:00] scanning all 360 teams (mens)...
  no status changes detected
  sleeping 10 min (game day)...

[2026-03-09T09:43:57.770036+00:00] scanning all 360 teams (mens)...
  no status changes detected
  sleeping 10 min (game day)...

[2026-03-09T09:57:36.010765+00:00] scanning all 360 teams (mens)...
  no status changes detected
  sleeping 10 min (game day)...

[2026-03-09T10:11:23.052022+00:00] scanning all 360 teams (mens)...
  no status changes detected
  sleeping 10 min (game day)...

[2026-03-09T10:24:59.900003+00:00] scanning all 360 teams (mens)...
  no status changes detected
  sleeping 10 min (game day)...

[2026-03-09T10:38:32.854750+00:00] scanning all 360 teams (mens)...
  no status changes detected
  sleeping 10 min (game day)...

[2026-03-09T10:52:20.044385+00:00] scanning all 360 teams (mens)...
  no status changes detected
  sleeping 10 min (game day)...

[2026-03-09T11:06:02.685716+00:00] scanning all 360 teams (mens)...
  no status changes detected
  sleeping 10 min (game day)...

[2026-03-09T11:19:34.355045+00:00] scanning all 360 teams (mens)...
  no status changes detected
  sleeping 10 min (game day)...

[2026-03-09T11:33:02.385806+00:00] scanning all 360 teams (mens)...
  no status changes detected
  sleeping 10 min (game day)...

[2026-03-09T11:46:30.081444+00:00] scanning all 360 teams (mens)...
  no status changes detected
  sleeping 10 min (game day)...

[2026-03-09T11:59:57.671725+00:00] scanning all 360 teams (mens)...
  no status changes detected
  sleeping 10 min (game day)...

[2026-03-09T12:13:20.393513+00:00] scanning all 360 teams (mens)...
  no status changes detected
  sleeping 10 min (game day)...

[2026-03-09T12:26:43.463070+00:00] scanning all 360 teams (mens)...
  no status changes detected
  sleeping 10 min (game day)...

[2026-03-09T12:40:16.034301+00:00] scanning all 360 teams (mens)...
  no status changes detected
  sleeping 10 min (game day)...

[2026-03-09T12:53:39.748988+00:00] scanning all 360 teams (mens)...
  no status changes detected
  sleeping 10 min (game day)...

[2026-03-09T13:07:16.775433+00:00] scanning all 360 teams (mens)...
  no status changes detected
  sleeping 10 min (game day)...

[2026-03-09T13:20:39.577989+00:00] scanning all 360 teams (mens)...
  no status changes detected
  sleeping 10 min (game day)...

[2026-03-09T13:34:00.199709+00:00] scanning all 360 teams (mens)...
  no status changes detected
  sleeping 10 min (game day)...

[2026-03-09T13:47:30.557032+00:00] scanning all 360 teams (mens)...
  no status changes detected
  sleeping 10 min (game day)...

[2026-03-09T14:00:49.635252+00:00] scanning all 360 teams (mens)...
  no status changes detected
  sleeping 10 min (game day)...

[2026-03-09T14:14:10.325322+00:00] scanning all 360 teams (mens)...
  no status changes detected
  sleeping 10 min (game day)...

[2026-03-09T14:27:30.433212+00:00] scanning all 360 teams (mens)...
  no status changes detected
  sleeping 10 min (game day)...

[2026-03-09T14:40:52.829825+00:00] scanning all 360 teams (mens)...
  no status changes detected
  sleeping 10 min (game day)...

[2026-03-09T14:54:12.045535+00:00] scanning all 360 teams (mens)...
  no status changes detected
  sleeping 10 min (game day)...

[2026-03-09T15:07:41.764319+00:00] scanning all 360 teams (mens)...
  no status changes detected
  sleeping 10 min (game day)...

[2026-03-09T15:21:03.797764+00:00] scanning all 360 teams (mens)...
  no status changes detected
  sleeping 10 min (game day)...

[2026-03-09T15:34:39.152175+00:00] scanning all 360 teams (mens)...
  no status changes detected
  sleeping 10 min (game day)...

[2026-03-09T15:48:05.164988+00:00] scanning all 360 teams (mens)...
  no status changes detected
  sleeping 10 min (game day)...

[2026-03-09T16:01:29.033720+00:00] scanning all 360 teams (mens)...
  no status changes detected
  sleeping 10 min (game day)...

[2026-03-09T16:15:02.163992+00:00] scanning all 360 teams (mens)...
  no status changes detected
  sleeping 10 min (game day)...

[2026-03-09T16:28:14.119086+00:00] scanning all 360 teams (mens)...
  no status changes detected
  sleeping 10 min (game day)...

[2026-03-09T16:41:23.553551+00:00] scanning all 360 teams (mens)...
  no status changes detected
  sleeping 10 min (game day)...

[2026-03-09T16:54:44.114604+00:00] scanning all 360 teams (mens)...
  no status changes detected
  sleeping 10 min (game day)...

[2026-03-09T17:07:57.831160+00:00] scanning all 360 teams (mens)...
  no status changes detected
  sleeping 10 min (game day)...

[2026-03-09T17:21:07.325878+00:00] scanning all 360 teams (mens)...
  no status changes detected
  sleeping 10 min (game day)...

[2026-03-09T17:34:21.331616+00:00] scanning all 360 teams (mens)...
  no status changes detected
  sleeping 10 min (game day)...

[2026-03-09T17:48:02.602768+00:00] scanning all 360 teams (mens)...
  no status changes detected
  sleeping 10 min (game day)...

[2026-03-09T18:01:23.546100+00:00] scanning all 360 teams (mens)...
  no status changes detected
  sleeping 10 min (game day)...

[2026-03-09T18:14:48.066730+00:00] scanning all 360 teams (mens)...
  no status changes detected
  sleeping 10 min (game day)...

[2026-03-09T18:28:01.336419+00:00] scanning all 360 teams (mens)...
  no status changes detected
  sleeping 10 min (game day)...

[2026-03-09T18:41:16.995899+00:00] scanning all 360 teams (mens)...
  no status changes detected
  sleeping 10 min (game day)...

[2026-03-09T18:54:40.224458+00:00] scanning all 360 teams (mens)...
  no status changes detected
  sleeping 10 min (game day)...

[2026-03-09T19:07:58.176546+00:00] scanning all 360 teams (mens)...
  no status changes detected
  sleeping 10 min (game day)...

[2026-03-09T19:21:13.222254+00:00] scanning all 360 teams (mens)...
  no status changes detected
  sleeping 10 min (game day)...

[2026-03-09T19:34:32.714544+00:00] scanning all 360 teams (mens)...
  no status changes detected
  sleeping 10 min (game day)...

[2026-03-09T19:47:59.734809+00:00] scanning all 360 teams (mens)...
  no status changes detected
  sleeping 10 min (game day)...

[2026-03-09T20:01:27.266012+00:00] scanning all 360 teams (mens)...
  no status changes detected
  sleeping 10 min (game day)...

[2026-03-09T20:14:50.900343+00:00] scanning all 360 teams (mens)...
  no status changes detected
  sleeping 10 min (game day)...

[2026-03-09T20:28:14.855938+00:00] scanning all 360 teams (mens)...
  no status changes detected
  sleeping 10 min (game day)...

[2026-03-09T20:41:26.743107+00:00] scanning all 360 teams (mens)...
  no status changes detected
  sleeping 10 min (game day)...

[2026-03-09T20:54:41.040199+00:00] scanning all 360 teams (mens)...
  no status changes detected
  sleeping 10 min (game day)...

[2026-03-09T21:08:02.193975+00:00] scanning all 360 teams (mens)...
  no status changes detected
  sleeping 10 min (game day)...

[2026-03-09T21:21:13.344363+00:00] scanning all 360 teams (mens)...
  no status changes detected
  sleeping 10 min (game day)...

[2026-03-09T21:34:36.299562+00:00] scanning all 360 teams (mens)...
  no status changes detected
  sleeping 10 min (game day)...

[2026-03-09T21:47:55.134590+00:00] scanning all 360 teams (mens)...
  no status changes detected
  sleeping 10 min (game day)...

[2026-03-09T22:01:20.247976+00:00] scanning all 360 teams (mens)...
  no status changes detected
  sleeping 10 min (game day)...

[2026-03-09T22:14:36.777619+00:00] scanning all 360 teams (mens)...
  no status changes detected
  sleeping 10 min (game day)...

[2026-03-09T22:27:55.503165+00:00] scanning all 360 teams (mens)...
  no status changes detected
  sleeping 10 min (game day)...

[2026-03-09T22:41:26.468398+00:00] scanning all 360 teams (mens)...
  no status changes detected
  sleeping 10 min (game day)...

[2026-03-09T22:54:50.105410+00:00] scanning all 360 teams (mens)...
  no status changes detected
  sleeping 10 min (game day)...

[2026-03-09T23:08:26.393804+00:00] scanning all 360 teams (mens)...
  no status changes detected
  sleeping 10 min (game day)...

[2026-03-09T23:21:52.882650+00:00] scanning all 360 teams (mens)...
  no status changes detected
  sleeping 10 min (game day)...

[2026-03-09T23:35:03.550001+00:00] scanning all 360 teams (mens)...
  no status changes detected
  sleeping 10 min (game day)...

[2026-03-09T23:48:15.033296+00:00] scanning all 360 teams (mens)...
  no status changes detected
  sleeping 10 min (game day)...

[2026-03-10T00:01:26.801475+00:00] scanning all 360 teams (mens)...
  no status changes detected
  sleeping 10 min (game day)...

[2026-03-10T00:14:42.083113+00:00] scanning all 360 teams (mens)...
  no status changes detected
  sleeping 10 min (game day)...

[2026-03-10T00:27:52.676243+00:00] scanning all 360 teams (mens)...
  no status changes detected
  sleeping 10 min (game day)...

[2026-03-10T00:41:20.059859+00:00] scanning all 360 teams (mens)...
  no status changes detected
  sleeping 10 min (game day)...

[2026-03-10T00:54:26.182575+00:00] scanning all 360 teams (mens)...
  no status changes detected
  sleeping 10 min (game day)...

[2026-03-10T01:07:35.459606+00:00] scanning all 360 teams (mens)...
  no status changes detected
  sleeping 10 min (game day)...

[2026-03-10T01:20:57.411307+00:00] scanning all 360 teams (mens)...
  no status changes detected
  sleeping 10 min (game day)...

[2026-03-10T01:34:10.388878+00:00] scanning all 360 teams (mens)...
  no status changes detected
  sleeping 10 min (game day)...

[2026-03-10T01:47:31.345338+00:00] scanning all 360 teams (mens)...
  no status changes detected
  sleeping 10 min (game day)...

[2026-03-10T02:00:58.580425+00:00] scanning all 360 teams (mens)...
  no status changes detected
  sleeping 10 min (game day)...

[2026-03-10T02:14:32.298776+00:00] scanning all 360 teams (mens)...
  no status changes detected
  sleeping 10 min (game day)...

[2026-03-10T02:28:04.122653+00:00] scanning all 360 teams (mens)...
  no status changes detected
  sleeping 10 min (game day)...

[2026-03-10T02:41:26.818882+00:00] scanning all 360 teams (mens)...
  no status changes detected
  sleeping 10 min (game day)...

[2026-03-10T02:54:55.815272+00:00] scanning all 360 teams (mens)...
  no status changes detected
  sleeping 10 min (game day)...

[2026-03-10T03:08:15.247118+00:00] scanning all 360 teams (mens)...
  no status changes detected
  sleeping 10 min (game day)...

[2026-03-10T03:21:27.553258+00:00] scanning all 360 teams (mens)...
  no status changes detected
  sleeping 10 min (game day)...

[2026-03-10T03:34:42.740366+00:00] scanning all 360 teams (mens)...
  no status changes detected
  sleeping 10 min (game day)...

[2026-03-10T03:47:53.229083+00:00] scanning all 360 teams (mens)...
  no status changes detected
  sleeping 10 min (game day)...

[2026-03-10T04:01:09.139793+00:00] scanning all 360 teams (mens)...
  no status changes detected
  sleeping 10 min (game day)...

[2026-03-10T04:14:26.392977+00:00] scanning all 360 teams (mens)...
  no status changes detected
  sleeping 10 min (game day)...

[2026-03-10T04:27:44.948388+00:00] scanning all 360 teams (mens)...
  no status changes detected
  sleeping 10 min (game day)...

[2026-03-10T04:41:11.863830+00:00] scanning all 360 teams (mens)...
  no status changes detected
  sleeping 10 min (game day)...

[2026-03-10T04:54:38.884731+00:00] scanning all 360 teams (mens)...
  no status changes detected
  sleeping 10 min (game day)...

[2026-03-10T05:08:02.645499+00:00] scanning all 360 teams (mens)...
  no status changes detected
  sleeping 10 min (game day)...

[2026-03-10T05:21:33.953303+00:00] scanning all 360 teams (mens)...
  no status changes detected
  sleeping 10 min (game day)...

[2026-03-10T05:35:10.153187+00:00] scanning all 360 teams (mens)...
  no status changes detected
  sleeping 10 min (game day)...

[2026-03-10T05:48:52.849907+00:00] scanning all 360 teams (mens)...
  no status changes detected
  sleeping 10 min (game day)...

[2026-03-10T06:02:25.791016+00:00] scanning all 360 teams (mens)...
  no status changes detected
  sleeping 10 min (game day)...

[2026-03-10T06:16:06.217779+00:00] scanning all 360 teams (mens)...
  no status changes detected
  sleeping 10 min (game day)...

[2026-03-10T06:29:50.372979+00:00] scanning all 360 teams (mens)...
  no status changes detected
  sleeping 10 min (game day)...

[2026-03-10T06:43:23.759937+00:00] scanning all 360 teams (mens)...
  no status changes detected
  sleeping 10 min (game day)...

[2026-03-10T06:56:53.747004+00:00] scanning all 360 teams (mens)...
  no status changes detected
  sleeping 10 min (game day)...

[2026-03-10T07:10:24.197274+00:00] scanning all 360 teams (mens)...
  no status changes detected
  sleeping 10 min (game day)...

[2026-03-10T07:23:49.322411+00:00] scanning all 360 teams (mens)...
  no status changes detected
  sleeping 10 min (game day)...

[2026-03-10T07:37:20.333940+00:00] scanning all 360 teams (mens)...
  no status changes detected
  sleeping 10 min (game day)...

[2026-03-10T07:50:49.701891+00:00] scanning all 360 teams (mens)...
  no status changes detected
  sleeping 10 min (game day)...

[2026-03-10T08:04:19.551750+00:00] scanning all 360 teams (mens)...
  no status changes detected
  sleeping 10 min (game day)...

[2026-03-10T08:17:54.393424+00:00] scanning all 360 teams (mens)...
  no status changes detected
  sleeping 10 min (game day)...

[2026-03-10T08:31:40.723520+00:00] scanning all 360 teams (mens)...
  no status changes detected
  sleeping 10 min (game day)...

[2026-03-10T08:45:24.181192+00:00] scanning all 360 teams (mens)...
  no status changes detected
  sleeping 10 min (game day)...

[2026-03-10T08:59:10.656516+00:00] scanning all 360 teams (mens)...
  no status changes detected
  sleeping 10 min (game day)...

[2026-03-10T09:12:47.399619+00:00] scanning all 360 teams (mens)...
  no status changes detected
  sleeping 10 min (game day)...

[2026-03-10T09:26:32.953290+00:00] scanning all 360 teams (mens)...
  no status changes detected
  sleeping 10 min (game day)...

[2026-03-10T09:40:12.185339+00:00] scanning all 360 teams (mens)...
  no status changes detected
  sleeping 10 min (game day)...

[2026-03-10T09:53:44.633412+00:00] scanning all 360 teams (mens)...
  no status changes detected
  sleeping 10 min (game day)...

[2026-03-10T10:07:20.288899+00:00] scanning all 360 teams (mens)...
  no status changes detected
  sleeping 10 min (game day)...

[2026-03-10T10:20:54.676259+00:00] scanning all 360 teams (mens)...
  no status changes detected
  sleeping 10 min (game day)...

[2026-03-10T10:34:41.770150+00:00] scanning all 360 teams (mens)...
  no status changes detected
  sleeping 10 min (game day)...

[2026-03-10T10:48:13.447103+00:00] scanning all 360 teams (mens)...
  no status changes detected
  sleeping 10 min (game day)...

[2026-03-10T11:01:42.514545+00:00] scanning all 360 teams (mens)...
  no status changes detected
  sleeping 10 min (game day)...

[2026-03-10T11:15:11.071275+00:00] scanning all 360 teams (mens)...
  no status changes detected
  sleeping 10 min (game day)...

[2026-03-10T11:28:42.149820+00:00] scanning all 360 teams (mens)...
  no status changes detected
  sleeping 10 min (game day)...

[2026-03-10T11:42:11.051697+00:00] scanning all 360 teams (mens)...
  no status changes detected
  sleeping 10 min (game day)...

[2026-03-10T11:55:38.684455+00:00] scanning all 360 teams (mens)...
  no status changes detected
  sleeping 10 min (game day)...

[2026-03-10T12:09:02.934153+00:00] scanning all 360 teams (mens)...
  no status changes detected
  sleeping 10 min (game day)...

[2026-03-10T12:22:23.611851+00:00] scanning all 360 teams (mens)...
  no status changes detected
  sleeping 10 min (game day)...

[2026-03-10T12:35:46.838275+00:00] scanning all 360 teams (mens)...
  no status changes detected
  sleeping 10 min (game day)...

[2026-03-10T12:49:13.855935+00:00] scanning all 360 teams (mens)...
  no status changes detected
  sleeping 10 min (game day)...

[2026-03-10T13:02:38.355008+00:00] scanning all 360 teams (mens)...
  no status changes detected
  sleeping 10 min (game day)...

[2026-03-10T13:15:58.653640+00:00] scanning all 360 teams (mens)...
  no status changes detected
  sleeping 10 min (game day)...

[2026-03-10T13:29:18.597550+00:00] scanning all 360 teams (mens)...
  no status changes detected
  sleeping 10 min (game day)...

[2026-03-10T13:42:46.318866+00:00] scanning all 360 teams (mens)...
  no status changes detected
  sleeping 10 min (game day)...

[2026-03-10T13:56:06.281713+00:00] scanning all 360 teams (mens)...
  no status changes detected
  sleeping 10 min (game day)...

[2026-03-10T14:09:31.427831+00:00] scanning all 360 teams (mens)...
  no status changes detected
  sleeping 10 min (game day)...

[2026-03-10T14:23:01.476055+00:00] scanning all 360 teams (mens)...
  no status changes detected
  sleeping 10 min (game day)...

[2026-03-10T14:36:22.313951+00:00] scanning all 360 teams (mens)...
  no status changes detected
  sleeping 10 min (game day)...

[2026-03-10T14:51:05.986899+00:00] scanning all 360 teams (mens)...
  no status changes detected
  sleeping 10 min (game day)...

[2026-03-10T15:04:37.068167+00:00] scanning all 360 teams (mens)...
  no status changes detected
  sleeping 10 min (game day)...

[2026-03-10T15:18:39.316541+00:00] scanning all 360 teams (mens)...
  no status changes detected
  sleeping 10 min (game day)...

[2026-03-10T15:31:56.292775+00:00] scanning all 360 teams (mens)...
  no status changes detected
  sleeping 10 min (game day)...

[2026-03-10T15:45:54.290208+00:00] scanning all 360 teams (mens)...
  no status changes detected
  sleeping 10 min (game day)...

[2026-03-10T15:59:26.832151+00:00] scanning all 360 teams (mens)...
  no status changes detected
  sleeping 10 min (game day)...

[2026-03-10T16:12:57.314216+00:00] scanning all 360 teams (mens)...
  no status changes detected
  sleeping 10 min (game day)...

[2026-03-10T16:26:20.952759+00:00] scanning all 360 teams (mens)...
  no status changes detected
  sleeping 10 min (game day)...

[2026-03-10T16:39:40.921702+00:00] scanning all 360 teams (mens)...
  no status changes detected
  sleeping 10 min (game day)...

[2026-03-10T16:53:03.742578+00:00] scanning all 360 teams (mens)...
  no status changes detected
  sleeping 10 min (game day)...

[2026-03-10T17:06:35.173628+00:00] scanning all 360 teams (mens)...
  no status changes detected
  sleeping 10 min (game day)...

[2026-03-10T17:19:58.918371+00:00] scanning all 360 teams (mens)...
  no status changes detected
  sleeping 10 min (game day)...

[2026-03-10T17:33:30.517726+00:00] scanning all 360 teams (mens)...
  no status changes detected
  sleeping 10 min (game day)...

[2026-03-10T17:46:51.224983+00:00] scanning all 360 teams (mens)...
  no status changes detected
  sleeping 10 min (game day)...

[2026-03-10T18:00:10.863308+00:00] scanning all 360 teams (mens)...
  no status changes detected
  sleeping 10 min (game day)...

[2026-03-10T18:13:44.021351+00:00] scanning all 360 teams (mens)...
  no status changes detected
  sleeping 10 min (game day)...

[2026-03-10T18:27:12.579883+00:00] scanning all 360 teams (mens)...
  no status changes detected
  sleeping 10 min (game day)...

[2026-03-10T18:40:47.484720+00:00] scanning all 360 teams (mens)...
  no status changes detected
  sleeping 10 min (game day)...

[2026-03-10T18:54:20.920474+00:00] scanning all 360 teams (mens)...
  no status changes detected
  sleeping 10 min (game day)...

[2026-03-10T19:07:40.267442+00:00] scanning all 360 teams (mens)...
  no status changes detected
  sleeping 10 min (game day)...

[2026-03-10T19:21:12.016401+00:00] scanning all 360 teams (mens)...
  no status changes detected
  sleeping 10 min (game day)...

[2026-03-10T19:34:48.961694+00:00] scanning all 360 teams (mens)...
  no status changes detected
  sleeping 10 min (game day)...

[2026-03-10T19:48:08.598754+00:00] scanning all 360 teams (mens)...
  no status changes detected
  sleeping 10 min (game day)...

[2026-03-10T20:01:24.047526+00:00] scanning all 360 teams (mens)...
  no status changes detected
  sleeping 10 min (game day)...

[2026-03-10T20:14:52.945014+00:00] scanning all 360 teams (mens)...
  no status changes detected
  sleeping 10 min (game day)...

[2026-03-10T20:28:22.462646+00:00] scanning all 360 teams (mens)...
  no status changes detected
  sleeping 10 min (game day)...

[2026-03-10T20:41:53.573637+00:00] scanning all 360 teams (mens)...
  no status changes detected
  sleeping 10 min (game day)...

[2026-03-10T20:55:20.755857+00:00] scanning all 360 teams (mens)...
  no status changes detected
  sleeping 10 min (game day)...

[2026-03-10T21:08:58.453213+00:00] scanning all 360 teams (mens)...
  no status changes detected
  sleeping 10 min (game day)...

[2026-03-10T21:22:47.741273+00:00] scanning all 360 teams (mens)...
  no status changes detected
  sleeping 10 min (game day)...

[2026-03-10T21:36:15.591715+00:00] scanning all 360 teams (mens)...
  no status changes detected
  sleeping 10 min (game day)...

[2026-03-10T21:49:40.071223+00:00] scanning all 360 teams (mens)...
  no status changes detected
  sleeping 10 min (game day)...

[2026-03-10T22:02:58.958354+00:00] scanning all 360 teams (mens)...
  no status changes detected
  sleeping 10 min (game day)...

[2026-03-10T22:16:45.245379+00:00] scanning all 360 teams (mens)...
  no status changes detected
  sleeping 10 min (game day)...
